 MD3View

 Timestamp is 5984bbe1 (Fri Aug 04 13:24:33 2017)

 Preferred load address is 00400000

 Start         Length     Name                   Class
 0001:00000000 0005b6c7H .text                   CODE
 0001:0005b6d0 00000defH .text$x                 CODE
 0001:0005c4c0 000002ceH .text$yc                CODE
 0001:0005c790 00000254H .text$yd                CODE
 0002:00000000 00000348H .idata$5                DATA
 0002:00000348 00000004H .CRT$XCA                DATA
 0002:0000034c 0000001cH .CRT$XCC                DATA
 0002:00000368 00000028H .CRT$XCU                DATA
 0002:00000390 00000004H .CRT$XCZ                DATA
 0002:00000394 00000004H .CRT$XIA                DATA
 0002:00000398 00000018H .CRT$XIC                DATA
 0002:000003b0 00000004H .CRT$XID                DATA
 0002:000003b4 00000004H .CRT$XIY                DATA
 0002:000003b8 00000004H .CRT$XIZ                DATA
 0002:000003bc 00000004H .CRT$XPA                DATA
 0002:000003c0 00000004H .CRT$XPX                DATA
 0002:000003c4 00000004H .CRT$XPXA               DATA
 0002:000003c8 00000004H .CRT$XPZ                DATA
 0002:000003cc 00000004H .CRT$XTA                DATA
 0002:000003d0 00000004H .CRT$XTZ                DATA
 0002:000003e0 0000e6b0H .rdata                  DATA
 0002:0000ea90 00000072H .rdata$debug            DATA
 0002:0000eb04 00000908H .rdata$r                DATA
 0002:0000f410 00000134H .rdata$sxdata           DATA
 0002:0000f544 00000004H .rtc$IAA                DATA
 0002:0000f548 00000004H .rtc$IZZ                DATA
 0002:0000f54c 00000004H .rtc$TAA                DATA
 0002:0000f550 00000004H .rtc$TZZ                DATA
 0002:0000f558 00001ec4H .xdata$x                DATA
 0002:0001141c 00000078H .idata$2                DATA
 0002:00011494 00000014H .idata$3                DATA
 0002:000114a8 00000348H .idata$4                DATA
 0002:000117f0 00000dbeH .idata$6                DATA
 0002:000125ae 00000000H .edata                  DATA
 0003:00000000 000032e0H .data                   DATA
 0003:000032e0 00022744H .bss                    DATA
 0004:00000000 00000208H .rsrc$01                DATA
 0004:00000210 000017c8H .rsrc$02                DATA

  Address         Publics by Value              Rva+Base       Lib:Object

 0000:00000000       __except_list              00000000     <absolute>
 0000:0000004d       ___safe_se_handler_count   0000004d     <absolute>
 0000:00000000       ___ImageBase               00400000     <linker-defined>
 0001:00000000       ?strstr@@YAPADPADPBD@Z     00401000 f i animation.obj
 0001:00000010       ??0bad_alloc@std@@QAE@PBD@Z 00401010 f i animation.obj
 0001:00000030       ??1bad_alloc@std@@UAE@XZ   00401030 f i animation.obj
 0001:00000040       ??_Gbad_alloc@std@@UAEPAXI@Z 00401040 f i animation.obj
 0001:00000040       ??_Ebad_alloc@std@@UAEPAXI@Z 00401040 f i animation.obj
 0001:00000070       ??2@YAPAXIPAX@Z            00401070 f i animation.obj
 0001:00000080       ??3@YAXPAX0@Z              00401080 f i animation.obj
 0001:00000090       ?assign@?$char_traits@D@std@@SAXAADABD@Z 00401090 f i animation.obj
 0001:000000a0       ?length@?$char_traits@D@std@@SAIPBD@Z 004010a0 f i animation.obj
 0001:000000c0       ?_Copy_s@?$char_traits@D@std@@SAPADPADIPBDI@Z 004010c0 f i animation.obj
 0001:000000f0       ?_Move_s@?$char_traits@D@std@@SAPADPADIPBDI@Z 004010f0 f i animation.obj
 0001:00000120       ??0_Aux_cont@std@@QAE@QBV_Container_base_aux@1@@Z 00401120 f i animation.obj
 0001:00000130       ?_Getcont@_Aux_cont@std@@QBEPBV_Container_base_aux@2@XZ 00401130 f i animation.obj
 0001:00000140       ??0_Container_base_aux@std@@QAE@XZ 00401140 f i animation.obj
 0001:00000150       ??1_Container_base_aux@std@@QAE@XZ 00401150 f i animation.obj
 0001:00000160       ??0_Iterator_base_aux@std@@QAE@XZ 00401160 f i animation.obj
 0001:00000170       ?_Set_container@_Iterator_base_aux@std@@QAEXQBV_Container_base_aux@2@@Z 00401170 f i animation.obj
 0001:00000180       ?_Getmycont@_Iterator_base_aux@std@@QBEPBV_Container_base_aux@2@XZ 00401180 f i animation.obj
 0001:00000190       ?_Same_container@_Iterator_base_aux@std@@QBE_NABV12@@Z 00401190 f i animation.obj
 0001:000001b0       ?_Has_container@_Iterator_base_aux@std@@QBE_NXZ 004011b0 f i animation.obj
 0001:000001c0       ?element@NodePositionInfo@@QAEPAXXZ 004011c0 f i animation.obj
 0001:000001d0       ?isEmpty@NodeSequenceInfo@@QAEHXZ 004011d0 f i animation.obj
 0001:000001e0       ?first@NodeSequenceInfo@@QAEPAVNodePositionInfo@@XZ 004011e0 f i animation.obj
 0001:000001f0       ?SetLODLevel@@YAXH@Z       004011f0 f   animation.obj
 0001:00000200       ?ReportFrameMismatches@@YAXPAUSequence_t@@PAUgl_model@@@Z 00401200 f   animation.obj
 0001:00000270       ?size@?$basic_string@DU?$char_traits@D@std@@V?$allocator@D@2@@std@@QBEIXZ 00401270 f i animation.obj
 0001:00000280       ?size@?$vector@HV?$allocator@H@std@@@std@@QBEIXZ 00401280 f i animation.obj
 0001:00000290       ?size@?$vector@USequence_t@@V?$allocator@USequence_t@@@std@@@std@@QBEIXZ 00401290 f i animation.obj
 0001:000002b0       ??A?$vector@USequence_t@@V?$allocator@USequence_t@@@std@@@std@@QAEAAUSequence_t@@I@Z 004012b0 f i animation.obj
 0001:000002f0       ?_Myptr@?$basic_string@DU?$char_traits@D@std@@V?$allocator@D@2@@std@@IBEPBDXZ 004012f0 f i animation.obj
 0001:00000300       ??0?$allocator@D@std@@QAE@XZ 00401300 f i animation.obj
 0001:00000310       ??0?$allocator@H@std@@QAE@XZ 00401310 f i animation.obj
 0001:00000320       ??D?$_Vector_const_iterator@HV?$allocator@H@std@@@std@@QBEABHXZ 00401320 f i animation.obj
 0001:00000350       ??E?$_Vector_const_iterator@HV?$allocator@H@std@@@std@@QAEAAV01@XZ 00401350 f i animation.obj
 0001:00000380       ??8?$_Vector_const_iterator@HV?$allocator@H@std@@@std@@QBE_NABV01@@Z 00401380 f i animation.obj
 0001:000003b0       ?capacity@?$vector@USequence_t@@V?$allocator@USequence_t@@@std@@@std@@QBEIXZ 004013b0 f i animation.obj
 0001:000003d0       ??0?$allocator@USequence_t@@@std@@QAE@XZ 004013d0 f i animation.obj
 0001:000003e0       ??D?$_Vector_const_iterator@USequence_t@@V?$allocator@USequence_t@@@std@@@std@@QBEABUSequence_t@@XZ 004013e0 f i animation.obj
 0001:00000410       ??8?$_Vector_const_iterator@USequence_t@@V?$allocator@USequence_t@@@std@@@std@@QBE_NABV01@@Z 00401410 f i animation.obj
 0001:00000440       ??0?$_Iterator_with_base@Urandom_access_iterator_tag@std@@HHPBHABHV_Iterator_base_aux@2@@std@@QAE@XZ 00401440 f i animation.obj
 0001:00000450       ??0?$_Iterator_with_base@Urandom_access_iterator_tag@std@@USequence_t@@HPBU3@ABU3@V_Iterator_base_aux@2@@std@@QAE@XZ 00401450 f i animation.obj
 0001:00000460       ?_Myptr@?$basic_string@DU?$char_traits@D@std@@V?$allocator@D@2@@std@@IAEPADXZ 00401460 f i animation.obj
 0001:00000470       ??0?$allocator@D@std@@QAE@ABV01@@Z 00401470 f i animation.obj
 0001:00000480       ?deallocate@?$allocator@D@std@@QAEXPADI@Z 00401480 f i animation.obj
 0001:00000490       ??0?$allocator@H@std@@QAE@ABV01@@Z 00401490 f i animation.obj
 0001:000004a0       ?deallocate@?$allocator@H@std@@QAEXPAHI@Z 004014a0 f i animation.obj
 0001:000004b0       ?deallocate@?$allocator@V_Aux_cont@std@@@std@@QAEXPAV_Aux_cont@2@I@Z 004014b0 f i animation.obj
 0001:000004c0       ??0?$allocator@USequence_t@@@std@@QAE@ABV01@@Z 004014c0 f i animation.obj
 0001:000004d0       ?deallocate@?$allocator@USequence_t@@@std@@QAEXPAUSequence_t@@I@Z 004014d0 f i animation.obj
 0001:000004e0       ??E?$_Vector_const_iterator@USequence_t@@V?$allocator@USequence_t@@@std@@@std@@QAEAAV01@XZ 004014e0 f i animation.obj
 0001:00000510       ??G?$_Vector_const_iterator@USequence_t@@V?$allocator@USequence_t@@@std@@@std@@QBEHABV01@@Z 00401510 f i animation.obj
 0001:00000550       ?_Inside@?$basic_string@DU?$char_traits@D@std@@V?$allocator@D@2@@std@@IAE_NPBD@Z 00401550 f i animation.obj
 0001:00000590       ?max_size@?$allocator@H@std@@QBEIXZ 00401590 f i animation.obj
 0001:000005a0       ??Y?$_Vector_const_iterator@HV?$allocator@H@std@@@std@@QAEAAV01@H@Z 004015a0 f i animation.obj
 0001:000005f0       ?max_size@?$allocator@USequence_t@@@std@@QBEIXZ 004015f0 f i animation.obj
 0001:00000600       ?max_size@?$allocator@D@std@@QBEIXZ 00401600 f i animation.obj
 0001:00000610       ??Y?$_Vector_const_iterator@USequence_t@@V?$allocator@USequence_t@@@std@@@std@@QAEAAV01@H@Z 00401610 f i animation.obj
 0001:00000660       ??$?0H@?$allocator@V_Aux_cont@std@@@std@@QAE@ABV?$allocator@H@1@@Z 00401660 f i animation.obj
 0001:00000670       ??$_Allocate@H@std@@YAPAHIPAH@Z 00401670 f i animation.obj
 0001:000006d0       ??$?0USequence_t@@@?$allocator@V_Aux_cont@std@@@std@@QAE@ABV?$allocator@USequence_t@@@1@@Z 004016d0 f i animation.obj
 0001:000006e0       ??$_Allocate@USequence_t@@@std@@YAPAUSequence_t@@IPAU1@@Z 004016e0 f i animation.obj
 0001:00000740       ??$_Allocate@V_Aux_cont@std@@@std@@YAPAV_Aux_cont@0@IPAV10@@Z 00401740 f i animation.obj
 0001:000007a0       ??$_Allocate@D@std@@YAPADIPAD@Z 004017a0 f i animation.obj
 0001:00000800       ??0bad_alloc@std@@QAE@ABV01@@Z 00401800 f i animation.obj
 0001:00000820       ??$_Char_traits_cat@U?$char_traits@D@std@@@std@@YA?AU_Secure_char_traits_tag@0@XZ 00401820 f i animation.obj
 0001:00000830       ??$copy_s@U?$char_traits@D@std@@@_Traits_helper@std@@YAPADPADIPBDIU_Secure_char_traits_tag@1@@Z 00401830 f i animation.obj
 0001:00000860       ??$_Iter_random@PAUSequence_t@@PAU1@@std@@YA?AUrandom_access_iterator_tag@0@ABQAUSequence_t@@0@Z 00401860 f i animation.obj
 0001:00000870       ??$_Ptr_cat@PAUSequence_t@@PAU1@@std@@YA?AU_Nonscalar_ptr_iterator_tag@0@AAPAUSequence_t@@0@Z 00401870 f i animation.obj
 0001:00000880       ??$move_s@U?$char_traits@D@std@@@_Traits_helper@std@@YAPADPADIPBDIU_Secure_char_traits_tag@1@@Z 00401880 f i animation.obj
 0001:000008b0       ??$_Ptr_cat@PAHPAH@std@@YA?AU_Scalar_ptr_iterator_tag@0@AAPAH0@Z 004018b0 f i animation.obj
 0001:000008c0       ??$_Destroy_range@V?$allocator@H@std@@@std@@YAXPAH0AAV?$allocator@H@0@U_Scalar_ptr_iterator_tag@0@@Z 004018c0 f i animation.obj
 0001:000008d0       ??$_Move_cat@PAUSequence_t@@@std@@YA?AU_Undefined_move_tag@0@ABQAUSequence_t@@@Z 004018d0 f i animation.obj
 0001:000008e0       ??$_Checked_base@PAUSequence_t@@@std@@YAPAUSequence_t@@AAPAU1@U_Unchanged_checked_iterator_base_type_tag@0@@Z 004018e0 f i animation.obj
 0001:000008f0       ?Animation_GetNumLowerSequences@@YAHXZ 004018f0 f   animation.obj
 0001:00000910       ?Animation_GetNumUpperSequences@@YAHXZ 00401910 f   animation.obj
 0001:00000930       ?Animation_GetLowerSequence@@YAPAUSequence_t@@H@Z 00401930 f   animation.obj
 0001:00000980       ?Animation_GetUpperSequence@@YAPAUSequence_t@@H@Z 00401980 f   animation.obj
 0001:000009d0       ?Animation_FromUpperFrame@@YAPAUSequence_t@@H@Z 004019d0 f   animation.obj
 0001:00000a10       ?Animation_FromLowerFrame@@YAPAUSequence_t@@H@Z 00401a10 f   animation.obj
 0001:00000a50       ?c_str@?$basic_string@DU?$char_traits@D@std@@V?$allocator@D@2@@std@@QBEPBDXZ 00401a50 f i animation.obj
 0001:00000a60       ??D?$_Vector_iterator@HV?$allocator@H@std@@@std@@QBEAAHXZ 00401a60 f i animation.obj
 0001:00000a90       ??E?$_Vector_iterator@HV?$allocator@H@std@@@std@@QAEAAV01@XZ 00401a90 f i animation.obj
 0001:00000ac0       ??9?$_Vector_const_iterator@HV?$allocator@H@std@@@std@@QBE_NABV01@@Z 00401ac0 f i animation.obj
 0001:00000af0       ??D?$_Vector_iterator@USequence_t@@V?$allocator@USequence_t@@@std@@@std@@QBEAAUSequence_t@@XZ 00401af0 f i animation.obj
 0001:00000b20       ??9?$_Vector_const_iterator@USequence_t@@V?$allocator@USequence_t@@@std@@@std@@QBE_NABV01@@Z 00401b20 f i animation.obj
 0001:00000b50       ??0?$_String_val@DV?$allocator@D@std@@@std@@IAE@V?$allocator@D@1@@Z 00401b50 f i animation.obj
 0001:00000b60       ??0?$_String_val@DV?$allocator@D@std@@@std@@QAE@ABV01@@Z 00401b60 f i animation.obj
 0001:00000b70       ??1?$_Container_base_aux_alloc_real@V?$allocator@H@std@@@std@@IAE@XZ 00401b70 f i animation.obj
 0001:00000b80       ??1?$_Container_base_aux_alloc_real@V?$allocator@USequence_t@@@std@@@std@@IAE@XZ 00401b80 f i animation.obj
 0001:00000b90       ??E?$_Vector_iterator@USequence_t@@V?$allocator@USequence_t@@@std@@@std@@QAEAAV01@XZ 00401b90 f i animation.obj
 0001:00000bc0       ??0?$_Ranit@HHPBHABH@std@@QAE@XZ 00401bc0 f i animation.obj
 0001:00000bd0       ??0?$_Ranit@USequence_t@@HPBU1@ABU1@@std@@QAE@XZ 00401bd0 f i animation.obj
 0001:00000be0       ?_Eos@?$basic_string@DU?$char_traits@D@std@@V?$allocator@D@2@@std@@IAEXI@Z 00401be0 f i animation.obj
 0001:00000c00       ?max_size@?$vector@HV?$allocator@H@std@@@std@@QBEIXZ 00401c00 f i animation.obj
 0001:00000c10       ?allocate@?$allocator@H@std@@QAEPAHI@Z 00401c10 f i animation.obj
 0001:00000c30       ??Y?$_Vector_iterator@HV?$allocator@H@std@@@std@@QAEAAV01@H@Z 00401c30 f i animation.obj
 0001:00000c80       ??0?$_Vector_const_iterator@HV?$allocator@H@std@@@std@@QAE@PAHPBV_Container_base_aux@1@@Z 00401c80 f i animation.obj
 0001:00000cc0       ?max_size@?$vector@USequence_t@@V?$allocator@USequence_t@@@std@@@std@@QBEIXZ 00401cc0 f i animation.obj
 0001:00000cd0       ?allocate@?$allocator@USequence_t@@@std@@QAEPAUSequence_t@@I@Z 00401cd0 f i animation.obj
 0001:00000cf0       ??0?$_Vector_const_iterator@USequence_t@@V?$allocator@USequence_t@@@std@@@std@@QAE@PAUSequence_t@@PBV_Container_base_aux@1@@Z 00401cf0 f i animation.obj
 0001:00000d30       ?max_size@?$basic_string@DU?$char_traits@D@std@@V?$allocator@D@2@@std@@QBEIXZ 00401d30 f i animation.obj
 0001:00000d40       ?allocate@?$allocator@V_Aux_cont@std@@@std@@QAEPAV_Aux_cont@2@I@Z 00401d40 f i animation.obj
 0001:00000d60       ??Y?$_Vector_iterator@USequence_t@@V?$allocator@USequence_t@@@std@@@std@@QAEAAV01@H@Z 00401d60 f i animation.obj
 0001:00000db0       ?allocate@?$allocator@D@std@@QAEPADI@Z 00401db0 f i animation.obj
 0001:00000dd0       ??$copy_s@U?$char_traits@D@std@@@_Traits_helper@std@@YAPADPADIPBDI@Z 00401dd0 f i animation.obj
 0001:00000e00       ??$move_s@U?$char_traits@D@std@@@_Traits_helper@std@@YAPADPADIPBDI@Z 00401e00 f i animation.obj
 0001:00000e30       ??$_Destroy_range@V?$allocator@H@std@@@std@@YAXPAH0AAV?$allocator@H@0@@Z 00401e30 f i animation.obj
 0001:00000e40       ??$_Checked_base@PAUSequence_t@@@std@@YAPAUSequence_t@@AAPAU1@@Z 00401e40 f i animation.obj
 0001:00000e50       ?GetLockedSequence_Upper@@YAPAUSequence_t@@PAUgl_model@@@Z 00401e50 f   animation.obj
 0001:00000e80       ?GetLockedSequence_Lower@@YAPAUSequence_t@@PAUgl_model@@@Z 00401e80 f   animation.obj
 0001:00000eb0       ??E?$_Vector_iterator@USequence_t@@V?$allocator@USequence_t@@@std@@@std@@QAE?AV01@H@Z 00401eb0 f i animation.obj
 0001:00000ef0       ??1?$_Vector_val@HV?$allocator@H@std@@@std@@QAE@XZ 00401ef0 f i animation.obj
 0001:00000f00       ??1?$_Vector_val@USequence_t@@V?$allocator@USequence_t@@@std@@@std@@QAE@XZ 00401f00 f i animation.obj
 0001:00000f10       ?_Tidy@?$basic_string@DU?$char_traits@D@std@@V?$allocator@D@2@@std@@IAEX_NI@Z 00401f10 f i animation.obj
 0001:00000f60       ??0?$_Vector_iterator@HV?$allocator@H@std@@@std@@QAE@PAHPBV_Container_base_aux@1@@Z 00401f60 f i animation.obj
 0001:00000fa0       ??H?$_Vector_iterator@HV?$allocator@H@std@@@std@@QBE?AV01@H@Z 00401fa0 f i animation.obj
 0001:00000ff0       ??0?$_Vector_const_iterator@HV?$allocator@H@std@@@std@@QAE@XZ 00401ff0 f i animation.obj
 0001:00001000       ??0?$_Vector_iterator@USequence_t@@V?$allocator@USequence_t@@@std@@@std@@QAE@PAUSequence_t@@PBV_Container_base_aux@1@@Z 00402000 f i animation.obj
 0001:00001040       ??0?$_Vector_const_iterator@USequence_t@@V?$allocator@USequence_t@@@std@@@std@@QAE@XZ 00402040 f i animation.obj
 0001:00001050       ?erase@?$basic_string@DU?$char_traits@D@std@@V?$allocator@D@2@@std@@QAEAAV12@II@Z 00402050 f i animation.obj
 0001:000010e0       ?_Destroy@?$vector@HV?$allocator@H@std@@@std@@IAEXPAH0@Z 004020e0 f i animation.obj
 0001:000010f0       ??0?$_Container_base_aux_alloc_real@V?$allocator@H@std@@@std@@IAE@V?$allocator@H@1@@Z 004020f0 f i animation.obj
 0001:00001120       ?_Make_iter@?$vector@USequence_t@@V?$allocator@USequence_t@@@std@@@std@@QBE?AV?$_Vector_iterator@USequence_t@@V?$allocator@USequence_t@@@std@@@2@V?$_Vector_const_iterator@USequence_t@@V?$allocator@USequence_t@@@std@@@2@@Z 00402120 f i animation.obj
 0001:00001160       ??0?$_Container_base_aux_alloc_real@V?$allocator@USequence_t@@@std@@@std@@IAE@V?$allocator@USequence_t@@@1@@Z 00402160 f i animation.obj
 0001:00001190       ??H?$_Vector_iterator@USequence_t@@V?$allocator@USequence_t@@@std@@@std@@QBE?AV01@H@Z 00402190 f i animation.obj
 0001:000011e0       ?_Copy@?$basic_string@DU?$char_traits@D@std@@V?$allocator@D@2@@std@@IAEXII@Z 004021e0 f i animation.obj
 0001:00001320       ??0?$basic_string@DU?$char_traits@D@std@@V?$allocator@D@2@@std@@QAE@XZ 00402320 f i animation.obj
 0001:00001340       ??1?$basic_string@DU?$char_traits@D@std@@V?$allocator@D@2@@std@@QAE@XZ 00402340 f i animation.obj
 0001:00001370       ?begin@?$vector@HV?$allocator@H@std@@@std@@QAE?AV?$_Vector_iterator@HV?$allocator@H@std@@@2@XZ 00402370 f i animation.obj
 0001:000013a0       ?end@?$vector@HV?$allocator@H@std@@@std@@QAE?AV?$_Vector_iterator@HV?$allocator@H@std@@@2@XZ 004023a0 f i animation.obj
 0001:000013d0       ??0?$_Vector_iterator@HV?$allocator@H@std@@@std@@QAE@XZ 004023d0 f i animation.obj
 0001:000013e0       ?begin@?$vector@USequence_t@@V?$allocator@USequence_t@@@std@@@std@@QAE?AV?$_Vector_iterator@USequence_t@@V?$allocator@USequence_t@@@std@@@2@XZ 004023e0 f i animation.obj
 0001:00001410       ?end@?$vector@USequence_t@@V?$allocator@USequence_t@@@std@@@std@@QAE?AV?$_Vector_iterator@USequence_t@@V?$allocator@USequence_t@@@std@@@2@XZ 00402410 f i animation.obj
 0001:00001440       ??0?$_Vector_iterator@USequence_t@@V?$allocator@USequence_t@@@std@@@std@@QAE@XZ 00402440 f i animation.obj
 0001:00001450       ?_Tidy@?$vector@HV?$allocator@H@std@@@std@@IAEXXZ 00402450 f i animation.obj
 0001:00001480       ??0?$_Vector_val@HV?$allocator@H@std@@@std@@IAE@V?$allocator@H@1@@Z 00402480 f i animation.obj
 0001:000014b0       ??0?$_Vector_val@USequence_t@@V?$allocator@USequence_t@@@std@@@std@@IAE@V?$allocator@USequence_t@@@1@@Z 004024b0 f i animation.obj
 0001:000014e0       ?_Grow@?$basic_string@DU?$char_traits@D@std@@V?$allocator@D@2@@std@@IAE_NI_N@Z 004024e0 f i animation.obj
 0001:000015a0       ??1logic_error@std@@UAE@XZ 004025a0 f i animation.obj
 0001:000015e0       ?what@logic_error@std@@UBEPBDXZ 004025e0 f i animation.obj
 0001:000015f0       ??_Elogic_error@std@@UAEPAXI@Z 004025f0 f i animation.obj
 0001:000015f0       ??_Glogic_error@std@@UAEPAXI@Z 004025f0 f i animation.obj
 0001:00001640       ?GetMultiLockedSequenceIndexFromFrame@@YAHH_N@Z 00402640 f   animation.obj
 0001:00001720       ??0Sequence_t@@QAE@XZ      00402720 f i animation.obj
 0001:00001740       ??1Sequence_t@@QAE@XZ      00402740 f i animation.obj
 0001:00001770       ??1?$vector@HV?$allocator@H@std@@@std@@QAE@XZ 00402770 f i animation.obj
 0001:000017b0       ?assign@?$basic_string@DU?$char_traits@D@std@@V?$allocator@D@2@@std@@QAEAAV12@ABV12@II@Z 004027b0 f i animation.obj
 0001:00001890       ?assign@?$basic_string@DU?$char_traits@D@std@@V?$allocator@D@2@@std@@QAEAAV12@PBDI@Z 00402890 f i animation.obj
 0001:00001970       ?assign@?$basic_string@DU?$char_traits@D@std@@V?$allocator@D@2@@std@@QAEAAV12@ABV12@@Z 00402970 f i animation.obj
 0001:00001990       ??_GSequence_t@@QAEPAXI@Z  00402990 f i animation.obj
 0001:000019d0       ??0?$basic_string@DU?$char_traits@D@std@@V?$allocator@D@2@@std@@QAE@ABV01@@Z 004029d0 f i animation.obj
 0001:00001a00       ?assign@?$basic_string@DU?$char_traits@D@std@@V?$allocator@D@2@@std@@QAEAAV12@PBD@Z 00402a00 f i animation.obj
 0001:00001a30       ??0Sequence_t@@QAE@ABU0@@Z 00402a30 f i animation.obj
 0001:00001a80       ??4?$basic_string@DU?$char_traits@D@std@@V?$allocator@D@2@@std@@QAEAAV01@ABV01@@Z 00402a80 f i animation.obj
 0001:00001aa0       ??$_Construct@USequence_t@@U1@@std@@YAXPAUSequence_t@@ABU1@@Z 00402aa0 f i animation.obj
 0001:00001b30       ??$_Destroy@USequence_t@@@std@@YAXPAUSequence_t@@@Z 00402b30 f i animation.obj
 0001:00001b60       ??0logic_error@std@@QAE@ABV?$basic_string@DU?$char_traits@D@std@@V?$allocator@D@2@@1@@Z 00402b60 f i animation.obj
 0001:00001bd0       ??0length_error@std@@QAE@ABV?$basic_string@DU?$char_traits@D@std@@V?$allocator@D@2@@1@@Z 00402bd0 f i animation.obj
 0001:00001bf0       ??1length_error@std@@UAE@XZ 00402bf0 f i animation.obj
 0001:00001c30       ??_Elength_error@std@@UAEPAXI@Z 00402c30 f i animation.obj
 0001:00001c30       ??_Glength_error@std@@UAEPAXI@Z 00402c30 f i animation.obj
 0001:00001c80       ??0out_of_range@std@@QAE@ABV?$basic_string@DU?$char_traits@D@std@@V?$allocator@D@2@@1@@Z 00402c80 f i animation.obj
 0001:00001ca0       ??1out_of_range@std@@UAE@XZ 00402ca0 f i animation.obj
 0001:00001ce0       ??_Eout_of_range@std@@UAEPAXI@Z 00402ce0 f i animation.obj
 0001:00001ce0       ??_Gout_of_range@std@@UAEPAXI@Z 00402ce0 f i animation.obj
 0001:00001d30       ??0?$basic_string@DU?$char_traits@D@std@@V?$allocator@D@2@@std@@QAE@PBD@Z 00402d30 f i animation.obj
 0001:00001d70       ??4?$basic_string@DU?$char_traits@D@std@@V?$allocator@D@2@@std@@QAEAAV01@PBD@Z 00402d70 f i animation.obj
 0001:00001da0       ?_Xran@?$vector@HV?$allocator@H@std@@@std@@KAXXZ 00402da0 f i animation.obj
 0001:00001e20       ??0logic_error@std@@QAE@ABV01@@Z 00402e20 f i animation.obj
 0001:00001ea0       ?_Xlen@?$vector@HV?$allocator@H@std@@@std@@KAXXZ 00402ea0 f i animation.obj
 0001:00001f20       ?_Xlen@?$vector@USequence_t@@V?$allocator@USequence_t@@@std@@@std@@KAXXZ 00402f20 f i animation.obj
 0001:00001fa0       ??0length_error@std@@QAE@ABV01@@Z 00402fa0 f i animation.obj
 0001:00001fc0       ??4Sequence_t@@QAEAAU0@ABU0@@Z 00402fc0 f i animation.obj
 0001:00002000       ?construct@?$allocator@USequence_t@@@std@@QAEXPAUSequence_t@@ABU3@@Z 00403000 f i animation.obj
 0001:00002020       ?destroy@?$allocator@USequence_t@@@std@@QAEXPAUSequence_t@@@Z 00403020 f i animation.obj
 0001:00002050       ??$_Copy_opt@PAUSequence_t@@PAU1@Uforward_iterator_tag@std@@@std@@YAPAUSequence_t@@PAU1@00Uforward_iterator_tag@0@U_Nonscalar_ptr_iterator_tag@0@U_Range_checked_iterator_tag@0@@Z 00403050 f i animation.obj
 0001:000020b0       ??$_Copy_backward_opt@PAUSequence_t@@PAU1@Uforward_iterator_tag@std@@@std@@YAPAUSequence_t@@PAU1@00Uforward_iterator_tag@0@U_Nonscalar_ptr_iterator_tag@0@U_Range_checked_iterator_tag@0@@Z 004030b0 f i animation.obj
 0001:00002110       ??$_Uninit_copy@PAUSequence_t@@PAU1@V?$allocator@USequence_t@@@std@@@std@@YAPAUSequence_t@@PAU1@00AAV?$allocator@USequence_t@@@0@U_Nonscalar_ptr_iterator_tag@0@U_Range_checked_iterator_tag@0@@Z 00403110 f i animation.obj
 0001:000021b0       ??0out_of_range@std@@QAE@ABV01@@Z 004031b0 f i animation.obj
 0001:000021d0       ?at@?$vector@HV?$allocator@H@std@@@std@@QAEAAHI@Z 004031d0 f i animation.obj
 0001:00002260       ?_Buy@?$vector@HV?$allocator@H@std@@@std@@IAE_NI@Z 00403260 f i animation.obj
 0001:000022b0       ?_Buy@?$vector@USequence_t@@V?$allocator@USequence_t@@@std@@@std@@IAE_NI@Z 004032b0 f i animation.obj
 0001:00002300       ??$_Copy_opt@PAUSequence_t@@PAU1@@std@@YAPAUSequence_t@@PAU1@00Urandom_access_iterator_tag@0@U_Nonscalar_ptr_iterator_tag@0@U_Range_checked_iterator_tag@0@@Z 00403300 f i animation.obj
 0001:00002360       ??$_Uninit_fill_n@PAUSequence_t@@IU1@V?$allocator@USequence_t@@@std@@@std@@YAXPAUSequence_t@@IABU1@AAV?$allocator@USequence_t@@@0@U_Nonscalar_ptr_iterator_tag@0@U_Range_checked_iterator_tag@0@@Z 00403360 f i animation.obj
 0001:000023f0       ??$_Destroy_range@V?$allocator@USequence_t@@@std@@@std@@YAXPAUSequence_t@@0AAV?$allocator@USequence_t@@@0@U_Nonscalar_ptr_iterator_tag@0@@Z 004033f0 f i animation.obj
 0001:00002430       ??$_Fill@PAUSequence_t@@U1@@std@@YAXPAUSequence_t@@0ABU1@@Z 00403430 f i animation.obj
 0001:00002480       ??$_Copy_backward_opt@PAUSequence_t@@PAU1@@std@@YAPAUSequence_t@@PAU1@00Urandom_access_iterator_tag@0@U_Nonscalar_ptr_iterator_tag@0@U_Range_checked_iterator_tag@0@@Z 00403480 f i animation.obj
 0001:000024e0       ??$unchecked_uninitialized_copy@PAUSequence_t@@PAU1@V?$allocator@USequence_t@@@std@@@stdext@@YAPAUSequence_t@@PAU1@00AAV?$allocator@USequence_t@@@std@@@Z 004034e0 f i animation.obj
 0001:00002510       ?GetMultiLockedSequenceFromFrame@@YAPAUSequence_t@@H_N@Z 00403510 f   animation.obj
 0001:00002560       ?GetNextFrame_MultiLocked@@YAHPAUgl_model@@HH@Z 00403560 f   animation.obj
 0001:000026e0       ?Model_EnsureCurrentFrameLegal@@YAHPAUgl_model@@H@Z 004036e0 f   animation.obj
 0001:00002920       ?FrameAdvanceAnim@@YAXH@Z  00403920 f   animation.obj
 0001:00002990       ??0?$vector@HV?$allocator@H@std@@@std@@QAE@XZ 00403990 f i animation.obj
 0001:000029f0       ??0?$vector@USequence_t@@V?$allocator@USequence_t@@@std@@@std@@QAE@XZ 004039f0 f i animation.obj
 0001:00002a50       ??$unchecked_copy@PAUSequence_t@@PAU1@@stdext@@YAPAUSequence_t@@PAU1@00@Z 00403a50 f i animation.obj
 0001:00002a80       ??$unchecked_uninitialized_fill_n@PAUSequence_t@@IU1@V?$allocator@USequence_t@@@std@@@stdext@@YAXPAUSequence_t@@IABU1@AAV?$allocator@USequence_t@@@std@@@Z 00403a80 f i animation.obj
 0001:00002ab0       ??$_Destroy_range@V?$allocator@USequence_t@@@std@@@std@@YAXPAUSequence_t@@0AAV?$allocator@USequence_t@@@0@@Z 00403ab0 f i animation.obj
 0001:00002ad0       ??$fill@PAUSequence_t@@U1@@std@@YAXPAUSequence_t@@0ABU1@@Z 00403ad0 f i animation.obj
 0001:00002ae0       ??$_Move_backward_opt@PAUSequence_t@@PAU1@Urandom_access_iterator_tag@std@@U_Undefined_move_tag@3@@std@@YAPAUSequence_t@@PAU1@00Urandom_access_iterator_tag@0@U_Undefined_move_tag@0@U_Range_checked_iterator_tag@0@@Z 00403ae0 f i animation.obj
 0001:00002b10       ??$_Uninit_move@PAUSequence_t@@PAU1@V?$allocator@USequence_t@@@std@@U_Undefined_move_tag@3@@std@@YAPAUSequence_t@@PAU1@00AAV?$allocator@USequence_t@@@0@U_Undefined_move_tag@0@U_Range_checked_iterator_tag@0@@Z 00403b10 f i animation.obj
 0001:00002b40       ?rewindAnim@@YAXXZ         00403b40 f   animation.obj
 0001:00002b80       ?animation_loop@@YAXXZ     00403b80 f   animation.obj
 0001:00002cc0       ?_Ufill@?$vector@USequence_t@@V?$allocator@USequence_t@@@std@@@std@@IAEPAUSequence_t@@PAU3@IABU3@@Z 00403cc0 f i animation.obj
 0001:00002d00       ?_Destroy@?$vector@USequence_t@@V?$allocator@USequence_t@@@std@@@std@@IAEXPAUSequence_t@@0@Z 00403d00 f i animation.obj
 0001:00002d20       ??$_Unchecked_move_backward@PAUSequence_t@@PAU1@@stdext@@YAPAUSequence_t@@PAU1@00@Z 00403d20 f i animation.obj
 0001:00002d50       ??$_Unchecked_uninitialized_move@PAUSequence_t@@PAU1@V?$allocator@USequence_t@@@std@@@stdext@@YAPAUSequence_t@@PAU1@00AAV?$allocator@USequence_t@@@std@@@Z 00403d50 f i animation.obj
 0001:00002d80       ?erase@?$vector@USequence_t@@V?$allocator@USequence_t@@@std@@@std@@QAE?AV?$_Vector_iterator@USequence_t@@V?$allocator@USequence_t@@@std@@@2@V?$_Vector_const_iterator@USequence_t@@V?$allocator@USequence_t@@@std@@@2@0@Z 00403d80 f i animation.obj
 0001:00002e30       ?_Tidy@?$vector@USequence_t@@V?$allocator@USequence_t@@@std@@@std@@IAEXXZ 00403e30 f i animation.obj
 0001:00002e80       ??$_Umove@PAUSequence_t@@@?$vector@USequence_t@@V?$allocator@USequence_t@@@std@@@std@@IAEPAUSequence_t@@PAU2@00@Z 00403e80 f i animation.obj
 0001:00002eb0       ??1?$vector@USequence_t@@V?$allocator@USequence_t@@@std@@@std@@QAE@XZ 00403eb0 f i animation.obj
 0001:00002f00       ?clear@?$vector@USequence_t@@V?$allocator@USequence_t@@@std@@@std@@QAEXXZ 00403f00 f i animation.obj
 0001:00002f40       ?_Insert_n@?$vector@USequence_t@@V?$allocator@USequence_t@@@std@@@std@@IAEXV?$_Vector_const_iterator@USequence_t@@V?$allocator@USequence_t@@@std@@@2@IABUSequence_t@@@Z 00403f40 f i animation.obj
 0001:000032d0       ?ClearAnimationCFG@@YAXXZ  004042d0 f   animation.obj
 0001:000033e0       ?insert@?$vector@USequence_t@@V?$allocator@USequence_t@@@std@@@std@@QAE?AV?$_Vector_iterator@USequence_t@@V?$allocator@USequence_t@@@std@@@2@V?$_Vector_const_iterator@USequence_t@@V?$allocator@USequence_t@@@std@@@2@ABUSequence_t@@@Z 004043e0 f i animation.obj
 0001:000034b0       ?push_back@?$vector@USequence_t@@V?$allocator@USequence_t@@@std@@@std@@QAEXABUSequence_t@@@Z 004044b0 f i animation.obj
 0001:00003550       ?LoadAnimationCFG@@YAXPBDPAUHDC__@@@Z 00404550 f   animation.obj
 0001:00003f30       ?BMP_GetMemDIB@@YA_NAAPAXAAH@Z 00404f30 f   bmp.obj
 0001:00003f50       ?BMP_Open@@YA_NPBDHH@Z     00404f50 f   bmp.obj
 0001:000040e0       ?BMP_WritePixel@@YA_NEEE@Z 004050e0 f   bmp.obj
 0001:00004140       ?BMP_WriteLinePadding@@YA_NH@Z 00405140 f   bmp.obj
 0001:00004320       ?BMP_Close@@YA_NPBD_N@Z    00405320 f   bmp.obj
 0001:00004360       ?ClipBoard_SendDIB@@YAHPAXH@Z 00405360 f   clipboard.obj
 0001:00004400       ?Clipboard_SendString@@YAHPBD@Z 00405400 f   clipboard.obj
 0001:000044e0       ?putLittle16@@YAXFPAU_iobuf@@@Z 004054e0 f   DiskIO.obj
 0001:00004510       ?getLittle16@@YAFPAU_iobuf@@@Z 00405510 f   DiskIO.obj
 0001:00004540       ?putLittle32@@YAXHPAU_iobuf@@@Z 00405540 f   DiskIO.obj
 0001:00004580       ?getLittle32@@YAHPAU_iobuf@@@Z 00405580 f   DiskIO.obj
 0001:000045c0       ?putLittleFloat@@YAXMPAU_iobuf@@@Z 004055c0 f   DiskIO.obj
 0001:00004610       ?getLittleFloat@@YAMPAU_iobuf@@@Z 00405610 f   DiskIO.obj
 0001:00004650       ?putBig16@@YAXFPAU_iobuf@@@Z 00405650 f   DiskIO.obj
 0001:00004680       ?getBig16@@YAFPAU_iobuf@@@Z 00405680 f   DiskIO.obj
 0001:000046b0       ?putBig32@@YAXHPAU_iobuf@@@Z 004056b0 f   DiskIO.obj
 0001:000046f0       ?getBig32@@YAHPAU_iobuf@@@Z 004056f0 f   DiskIO.obj
 0001:00004730       ?putBigFloat@@YAXMPAU_iobuf@@@Z 00405730 f   DiskIO.obj
 0001:00004780       ?getBigFloat@@YAMPAU_iobuf@@@Z 00405780 f   DiskIO.obj
 0001:000047c0       ?start_drag@@YAXW4mkey_enum@@HH@Z 004057c0 f   drag.obj
 0001:000047e0       ?drag@@YA_NW4mkey_enum@@HH@Z 004057e0 f   drag.obj
 0001:00004a80       ?end_drag@@YAXW4mkey_enum@@HH@Z 00405a80 f   drag.obj
 0001:00004a90       ?Error@@YAXPADZZ           00405a90 f   Error.obj
 0001:00004ae0       ?Debug@@YAXPADZZ           00405ae0 f   Error.obj
 0001:00004fc0       ?ExportGhoul2FromMD3@@YAPADPBDHHHPAPBD@Z 00405fc0 f   g2export.obj
 0001:00005050       _LoadJPG                   00406050 f   jpeg_interface.obj
 0001:00005290       _JPG_ErrorThrow            00406290 f   jpeg_interface.obj
 0001:000052b0       _JPG_MessageOut            004062b0 f   jpeg_interface.obj
 0001:000052d0       _JPG_Malloc                004062d0 f   jpeg_interface.obj
 0001:000052e0       _JPG_Free                  004062e0 f   jpeg_interface.obj
 0001:000052f0       _MC_Compress               004062f0 f   MatComp.obj
 0001:00005480       _MC_UnCompress             00406480 f   MatComp.obj
 0001:000055b0       _fabsf                     004065b0 f i matrix4.obj
 0001:000055c0       _cosf                      004065c0 f i matrix4.obj
 0001:000055e0       _floorf                    004065e0 f i matrix4.obj
 0001:00005600       _powf                      00406600 f i matrix4.obj
 0001:00005620       _sinf                      00406620 f i matrix4.obj
 0001:00005640       _sqrtf                     00406640 f i matrix4.obj
 0001:00005660       ?cos@@YAMM@Z               00406660 f i matrix4.obj
 0001:00005680       ?fabs@@YAMM@Z              00406680 f i matrix4.obj
 0001:00005690       ?floor@@YAMM@Z             00406690 f i matrix4.obj
 0001:000056b0       ?pow@@YAMMM@Z              004066b0 f i matrix4.obj
 0001:000056d0       ?sin@@YAMM@Z               004066d0 f i matrix4.obj
 0001:000056f0       ?sqrt@@YAMM@Z              004066f0 f i matrix4.obj
 0001:00005710       ??0Vect3@@QAE@XZ           00406710 f i matrix4.obj
 0001:00005720       ??AVect3@@QAEAAMH@Z        00406720 f i matrix4.obj
 0001:00005730       ?x@Vect3@@QAEAAMXZ         00406730 f i matrix4.obj
 0001:00005740       ?y@Vect3@@QAEAAMXZ         00406740 f i matrix4.obj
 0001:00005750       ?z@Vect3@@QAEAAMXZ         00406750 f i matrix4.obj
 0001:00005760       ??AVect3@@QBEABMH@Z        00406760 f i matrix4.obj
 0001:00005770       ?x@Vect3@@QBEABMXZ         00406770 f i matrix4.obj
 0001:00005780       ??4Vect3@@QAEABV0@M@Z      00406780 f i matrix4.obj
 0001:000057a0       ??4Vect3@@QAEABV0@ABV0@@Z  004067a0 f i matrix4.obj
 0001:000057c0       ??XVect3@@QAEABV0@M@Z      004067c0 f i matrix4.obj
 0001:000057f0       ??0Matrix4@@QAE@XZ         004067f0 f i matrix4.obj
 0001:00005800       ?GetRow@Matrix4@@QBEXHAAVVect3@@@Z 00406800 f i matrix4.obj
 0001:00005830       ?BackSub@@YAXQAY0M@MPAHPAMH@Z 00406830 f   matrix4.obj
 0001:00005a90       ?LUDecomposition@@YAHQAY0M@MQAHHPAM@Z 00406a90 f   matrix4.obj
 0001:000060b0       ?BackSub4@@YAXQAY03MPAHPAM@Z 004070b0 f   matrix4.obj
 0001:000062b0       ?LUDecomposition4@@YAHQAY03MQAHPAM@Z 004072b0 f   matrix4.obj
 0001:00006700       ?GetTextureSystem@@YAHABVVect3@@000000AAV1@11@Z 00407700 f   matrix4.obj
 0001:000069e0       ??0Matrix4@@QAE@ABV0@@Z    004079e0 f   matrix4.obj
 0001:00006a00       ?IntegrityCheck@Matrix4@@QBE_NXZ 00407a00 f   matrix4.obj
 0001:00006a10       ?CalcFlags@Matrix4@@QAEHXZ 00407a10 f   matrix4.obj
 0001:00006a70       ?IsRotationIdentity@Matrix4@@QBE_NXZ 00407a70 f   matrix4.obj
 0001:00006ac0       ?IsRotationIdentityMoreTolerance@Matrix4@@QBE_NXZ 00407ac0 f   matrix4.obj
 0001:00006b20       ?Identity@Matrix4@@QAEXXZ  00407b20 f   matrix4.obj
 0001:00006b60       ?MaxAbsElement@Matrix4@@QAEMXZ 00407b60 f   matrix4.obj
 0001:00006c20       ?Zero@Matrix4@@QAEXXZ      00407c20 f   matrix4.obj
 0001:00006c60       ?Det@Matrix4@@QAEMXZ       00407c60 f   matrix4.obj
 0001:00006cc0       ?Translate@Matrix4@@QAEXMMM@Z 00407cc0 f   matrix4.obj
 0001:00006d10       ?Translate@Matrix4@@QAEXABVVect3@@@Z 00407d10 f   matrix4.obj
 0001:00006d60       ?Rotate@Matrix4@@QAEXHM@Z  00407d60 f   matrix4.obj
 0001:00006e40       ?Scale@Matrix4@@QAEXMMM@Z  00407e40 f   matrix4.obj
 0001:00006e90       ?Scale@Matrix4@@QAEXM@Z    00407e90 f   matrix4.obj
 0001:00006ed0       ?Interp@Matrix4@@QAEXABV1@M0M@Z 00407ed0 f   matrix4.obj
 0001:00006fc0       ?Interp@Matrix4@@QAEXABV1@0M@Z 00407fc0 f   matrix4.obj
 0001:000070b0       ??8Matrix4@@QBE_NABV0@@Z   004080b0 f   matrix4.obj
 0001:00007120       ?XFormPoint@Matrix4@@QBEXAAVVect3@@ABV2@@Z 00408120 f   matrix4.obj
 0001:000071d0       ?XFormVect@Matrix4@@QBEXAAVVect3@@ABV2@@Z 004081d0 f   matrix4.obj
 0001:00007260       ?XFormVectTranspose@Matrix4@@QBEXAAVVect3@@ABV2@@Z 00408260 f   matrix4.obj
 0001:00007300       ?HXFormPoint@Matrix4@@QBEMAAVVect3@@ABV2@@Z 00408300 f   matrix4.obj
 0001:000073d0       ?HXFormPointND@Matrix4@@QBEXPAMPBM@Z 004083d0 f   matrix4.obj
 0001:00007480       ?From3x4@Matrix4@@QAEXQAY03$$CBM@Z 00408480 f   matrix4.obj
 0001:000074d0       ?To3x4@Matrix4@@QBEXQAY03M@Z 004084d0 f   matrix4.obj
 0001:00007500       ?SetRow@Matrix4@@QAEXHABVVect3@@@Z 00408500 f   matrix4.obj
 0001:00007530       ?SetColumn@Matrix4@@QAEXHABVVect3@@@Z 00408530 f   matrix4.obj
 0001:00007560       ?SetRow@Matrix4@@QAEXH@Z   00408560 f   matrix4.obj
 0001:00007580       ?SetColumn@Matrix4@@QAEXH@Z 00408580 f   matrix4.obj
 0001:000075a0       ?SetFromDouble@Matrix4@@QAEXPAN@Z 004085a0 f   matrix4.obj
 0001:00007600       ?MultiplyColumn@Matrix4@@QAEXHM@Z 00408600 f   matrix4.obj
 0001:00007630       ?GetColumnLen@Matrix4@@QAEMH@Z 00408630 f   matrix4.obj
 0001:00007670       ?Transpose@Matrix4@@QAEXXZ 00408670 f   matrix4.obj
 0001:00007770       ?ClampPrecision@Matrix4@@QAEXM@Z 00408770 f   matrix4.obj
 0001:00007800       ?Inverse@Matrix4@@QAEXABV1@@Z 00408800 f   matrix4.obj
 0001:00007960       ?OrthoNormalInverse@Matrix4@@QAEXABV1@@Z 00408960 f   matrix4.obj
 0001:00007a10       ?FindFromPoints@Matrix4@@QAEXQBVVect3@@0@Z 00408a10 f   matrix4.obj
 0001:00007b80       ?MakeEquiscalar@Matrix4@@QAEXXZ 00408b80 f   matrix4.obj
 0001:00007c70       ?Concat@Matrix4@@QAEXABV1@0@Z 00408c70 f   matrix4.obj
 0001:00007cf0       ?Rotate@Matrix4@@QAEXMMM@Z 00408cf0 f   matrix4.obj
 0001:00007d90       ?Rotate@Matrix4@@QAEXVVect3@@@Z 00408d90 f   matrix4.obj
 0001:00007e30       ?strchr@@YAPADPADH@Z       00408e30 f i md3gl.obj
 0001:00007e40       ?strrchr@@YAPADPADH@Z      00408e40 f i md3gl.obj
 0001:00007e50       _acosf                     00408e50 f i md3gl.obj
 0001:00007e70       ?acos@@YAMM@Z              00408e70 f i md3gl.obj
 0001:00007e90       ?set_windowSize@@YAXHH@Z   00408e90 f   md3gl.obj
 0001:00007f00       ?bIsWireFrame@@YA_NXZ      00408f00 f   md3gl.obj
 0001:00007f10       ?bIsTextured@@YA_NXZ       00408f10 f   md3gl.obj
 0001:00007f20       ?oglStateFlatTextured@@YAXXZ 00408f20 f   md3gl.obj
 0001:00007f60       ?oglStateShadedTexturedAndWireFrame@@YAXXZ 00408f60 f   md3gl.obj
 0001:00007f70       ?oglStateShadedTextured@@YAXXZ 00408f70 f   md3gl.obj
 0001:00007fb0       ?oglStateShadedFlat@@YAXXZ 00408fb0 f   md3gl.obj
 0001:00007ff0       ?oglStateWireframe@@YAXXZ  00408ff0 f   md3gl.obj
 0001:00008030       ?cross@@YAXQAM00@Z         00409030 f   md3gl.obj
 0001:00008070       ?normalize@@YAXQAM@Z       00409070 f   md3gl.obj
 0001:000080f0       ?vtos@@YAPBDQAM@Z          004090f0 f   md3gl.obj
 0001:00008120       ?v2tos@@YAPBDQAM@Z         00409120 f   md3gl.obj
 0001:00008150       ?RB_SurfaceAnim@@YAXPAUmd4Surface_t@@PAUgl_model@@@Z 00409150 f   md3gl.obj
 0001:00008d90       ?Freeze_Surface@@YAPAUshaderCommands_s@@PAUmd4Surface_t@@H@Z 00409d90 f   md3gl.obj
 0001:00009050       ?matrix_from_quat@@YAXPAM0@Z 0040a050 f   md3gl.obj
 0001:00009160       ?quat_from_matrix@@YAXPAM0@Z 0040a160 f   md3gl.obj
 0001:00009300       ?quat_slerp@@YAXPAM0M0@Z   0040a300 f   md3gl.obj
 0001:00009470       ?R_ViewModelInfo@@YAXPAUgl_model@@PAD@Z 0040a470 f   md3gl.obj
 0001:00009740       ?GetLoadedModelInfo@@YAPADXZ 0040a740 f   md3gl.obj
 0001:000097b0       ?SkinName_FromPathedModelName@@YAPBDPBD@Z 0040a7b0 f   md3gl.obj
 0001:00009840       ?Model_BaseNameFromFilename@@YAPBDPBD@Z 0040a840 f   md3gl.obj
 0001:00009940       ?R_FindModel@@YAPAUgl_model@@PAU1@PBD@Z 0040a940 f   md3gl.obj
 0001:00009a00       ?Model_FromPathedSkinName@@YAPAUgl_model@@PBD@Z 0040aa00 f   md3gl.obj
 0001:00009aa0       ?Model_ApplyTextureToSurface@@YA_NPAUgl_model@@PBD1@Z 0040aaa0 f   md3gl.obj
 0001:00009e30       ?Model_ApplySkin@@YA_NPAUgl_model@@PBD@Z 0040ae30 f   md3gl.obj
 0001:0000a0b0       ?ApplyNewSkin@@YA_NPBD@Z   0040b0b0 f   md3gl.obj
 0001:0000a1c0       ?SetFaceSkin@@YAXH@Z       0040b1c0 f   md3gl.obj
 0001:0000a340       ?size@?$vector@UNormal@@V?$allocator@UNormal@@@std@@@std@@QBEIXZ 0040b340 f i md3gl.obj
 0001:0000a360       ??0?$allocator@UNormal@@@std@@QAE@XZ 0040b360 f i md3gl.obj
 0001:0000a370       ??0?$allocator@UNormal@@@std@@QAE@ABV01@@Z 0040b370 f i md3gl.obj
 0001:0000a380       ?deallocate@?$allocator@UNormal@@@std@@QAEXPAUNormal@@I@Z 0040b380 f i md3gl.obj
 0001:0000a390       ?capacity@?$vector@UNormal@@V?$allocator@UNormal@@@std@@@std@@QBEIXZ 0040b390 f i md3gl.obj
 0001:0000a3b0       ?max_size@?$allocator@UNormal@@@std@@QBEIXZ 0040b3b0 f i md3gl.obj
 0001:0000a3c0       ??Y?$_Vector_const_iterator@UNormal@@V?$allocator@UNormal@@@std@@@std@@QAEAAV01@H@Z 0040b3c0 f i md3gl.obj
 0001:0000a410       ??8?$_Vector_const_iterator@UNormal@@V?$allocator@UNormal@@@std@@@std@@QBE_NABV01@@Z 0040b410 f i md3gl.obj
 0001:0000a440       ??0?$_Iterator_with_base@Urandom_access_iterator_tag@std@@UNormal@@HPBU3@ABU3@V_Iterator_base_aux@2@@std@@QAE@XZ 0040b440 f i md3gl.obj
 0001:0000a450       ??$?0UNormal@@@?$allocator@V_Aux_cont@std@@@std@@QAE@ABV?$allocator@UNormal@@@1@@Z 0040b450 f i md3gl.obj
 0001:0000a460       ??$_Allocate@UNormal@@@std@@YAPAUNormal@@IPAU1@@Z 0040b460 f i md3gl.obj
 0001:0000a4c0       ??$_Iter_random@PAUNormal@@PAU1@@std@@YA?AUrandom_access_iterator_tag@0@ABQAUNormal@@0@Z 0040b4c0 f i md3gl.obj
 0001:0000a4d0       ??$_Ptr_cat@PAUNormal@@PAU1@@std@@YA?AU_Nonscalar_ptr_iterator_tag@0@AAPAUNormal@@0@Z 0040b4d0 f i md3gl.obj
 0001:0000a4e0       ??$_Fill@PAUNormal@@U1@@std@@YAXPAUNormal@@0ABU1@@Z 0040b4e0 f i md3gl.obj
 0001:0000a510       ??$_Move_cat@PAUNormal@@@std@@YA?AU_Undefined_move_tag@0@ABQAUNormal@@@Z 0040b510 f i md3gl.obj
 0001:0000a520       ??$_Checked_base@PAUNormal@@@std@@YAPAUNormal@@AAPAU1@U_Unchanged_checked_iterator_base_type_tag@0@@Z 0040b520 f i md3gl.obj
 0001:0000a530       ??$_Copy_opt@PAUNormal@@PAU1@Uforward_iterator_tag@std@@@std@@YAPAUNormal@@PAU1@00Uforward_iterator_tag@0@U_Nonscalar_ptr_iterator_tag@0@U_Range_checked_iterator_tag@0@@Z 0040b530 f i md3gl.obj
 0001:0000a560       ??$_Construct@UNormal@@U1@@std@@YAXPAUNormal@@ABU1@@Z 0040b560 f i md3gl.obj
 0001:0000a580       ??$_Destroy@UNormal@@@std@@YAXPAUNormal@@@Z 0040b580 f i md3gl.obj
 0001:0000a590       ??$_Copy_backward_opt@PAUNormal@@PAU1@Uforward_iterator_tag@std@@@std@@YAPAUNormal@@PAU1@00Uforward_iterator_tag@0@U_Nonscalar_ptr_iterator_tag@0@U_Range_checked_iterator_tag@0@@Z 0040b590 f i md3gl.obj
 0001:0000a5c0       ?initialize_glstate@@YAXXZ 0040b5c0 f   md3gl.obj
 0001:0000a7d0       ??A?$vector@UNormal@@V?$allocator@UNormal@@@std@@@std@@QAEAAUNormal@@I@Z 0040b7d0 f i md3gl.obj
 0001:0000a810       ??1?$_Container_base_aux_alloc_real@V?$allocator@UNormal@@@std@@@std@@IAE@XZ 0040b810 f i md3gl.obj
 0001:0000a820       ?max_size@?$vector@UNormal@@V?$allocator@UNormal@@@std@@@std@@QBEIXZ 0040b820 f i md3gl.obj
 0001:0000a830       ?allocate@?$allocator@UNormal@@@std@@QAEPAUNormal@@I@Z 0040b830 f i md3gl.obj
 0001:0000a850       ??Y?$_Vector_iterator@UNormal@@V?$allocator@UNormal@@@std@@@std@@QAEAAV01@H@Z 0040b850 f i md3gl.obj
 0001:0000a8a0       ??9?$_Vector_const_iterator@UNormal@@V?$allocator@UNormal@@@std@@@std@@QBE_NABV01@@Z 0040b8a0 f i md3gl.obj
 0001:0000a8d0       ??0?$_Ranit@UNormal@@HPBU1@ABU1@@std@@QAE@XZ 0040b8d0 f i md3gl.obj
 0001:0000a8e0       ??$_Checked_base@PAUNormal@@@std@@YAPAUNormal@@AAPAU1@@Z 0040b8e0 f i md3gl.obj
 0001:0000a8f0       ??$_Copy_opt@PAUNormal@@PAU1@@std@@YAPAUNormal@@PAU1@00Urandom_access_iterator_tag@0@U_Nonscalar_ptr_iterator_tag@0@U_Range_checked_iterator_tag@0@@Z 0040b8f0 f i md3gl.obj
 0001:0000a940       ?construct@?$allocator@UNormal@@@std@@QAEXPAUNormal@@ABU3@@Z 0040b940 f i md3gl.obj
 0001:0000a960       ?destroy@?$allocator@UNormal@@@std@@QAEXPAUNormal@@@Z 0040b960 f i md3gl.obj
 0001:0000a970       ??$_Copy_backward_opt@PAUNormal@@PAU1@@std@@YAPAUNormal@@PAU1@00Urandom_access_iterator_tag@0@U_Nonscalar_ptr_iterator_tag@0@U_Range_checked_iterator_tag@0@@Z 0040b970 f i md3gl.obj
 0001:0000a9d0       ??$_Uninit_copy@PAUNormal@@PAU1@V?$allocator@UNormal@@@std@@@std@@YAPAUNormal@@PAU1@00AAV?$allocator@UNormal@@@0@U_Nonscalar_ptr_iterator_tag@0@U_Range_checked_iterator_tag@0@@Z 0040b9d0 f i md3gl.obj
 0001:0000aa10       ??1?$_Vector_val@UNormal@@V?$allocator@UNormal@@@std@@@std@@QAE@XZ 0040ba10 f i md3gl.obj
 0001:0000aa20       ??0?$_Container_base_aux_alloc_real@V?$allocator@UNormal@@@std@@@std@@IAE@V?$allocator@UNormal@@@1@@Z 0040ba20 f i md3gl.obj
 0001:0000aa50       ??H?$_Vector_iterator@UNormal@@V?$allocator@UNormal@@@std@@@std@@QBE?AV01@H@Z 0040ba50 f i md3gl.obj
 0001:0000aaa0       ??0?$_Vector_const_iterator@UNormal@@V?$allocator@UNormal@@@std@@@std@@QAE@PAUNormal@@PBV_Container_base_aux@1@@Z 0040baa0 f i md3gl.obj
 0001:0000aae0       ??$unchecked_copy@PAUNormal@@PAU1@@stdext@@YAPAUNormal@@PAU1@00@Z 0040bae0 f i md3gl.obj
 0001:0000ab10       ??$fill@PAUNormal@@U1@@std@@YAXPAUNormal@@0ABU1@@Z 0040bb10 f i md3gl.obj
 0001:0000ab40       ??$_Destroy_range@V?$allocator@UNormal@@@std@@@std@@YAXPAUNormal@@0AAV?$allocator@UNormal@@@0@U_Nonscalar_ptr_iterator_tag@0@@Z 0040bb40 f i md3gl.obj
 0001:0000ab50       ??$_Move_backward_opt@PAUNormal@@PAU1@Urandom_access_iterator_tag@std@@U_Undefined_move_tag@3@@std@@YAPAUNormal@@PAU1@00Urandom_access_iterator_tag@0@U_Undefined_move_tag@0@U_Range_checked_iterator_tag@0@@Z 0040bb50 f i md3gl.obj
 0001:0000ab80       ??$_Uninit_fill_n@PAUNormal@@IU1@V?$allocator@UNormal@@@std@@@std@@YAXPAUNormal@@IABU1@AAV?$allocator@UNormal@@@0@U_Nonscalar_ptr_iterator_tag@0@U_Range_checked_iterator_tag@0@@Z 0040bb80 f i md3gl.obj
 0001:0000abb0       ??$unchecked_uninitialized_copy@PAUNormal@@PAU1@V?$allocator@UNormal@@@std@@@stdext@@YAPAUNormal@@PAU1@00AAV?$allocator@UNormal@@@std@@@Z 0040bbb0 f i md3gl.obj
 0001:0000abe0       ??0?$_Vector_val@UNormal@@V?$allocator@UNormal@@@std@@@std@@IAE@V?$allocator@UNormal@@@1@@Z 0040bbe0 f i md3gl.obj
 0001:0000ac10       ??0?$_Vector_iterator@UNormal@@V?$allocator@UNormal@@@std@@@std@@QAE@PAUNormal@@PBV_Container_base_aux@1@@Z 0040bc10 f i md3gl.obj
 0001:0000ac50       ??$_Destroy_range@V?$allocator@UNormal@@@std@@@std@@YAXPAUNormal@@0AAV?$allocator@UNormal@@@0@@Z 0040bc50 f i md3gl.obj
 0001:0000ac60       ??$_Unchecked_move_backward@PAUNormal@@PAU1@@stdext@@YAPAUNormal@@PAU1@00@Z 0040bc60 f i md3gl.obj
 0001:0000ac90       ??$unchecked_uninitialized_fill_n@PAUNormal@@IU1@V?$allocator@UNormal@@@std@@@stdext@@YAXPAUNormal@@IABU1@AAV?$allocator@UNormal@@@std@@@Z 0040bc90 f i md3gl.obj
 0001:0000acc0       ??$_Uninit_move@PAUNormal@@PAU1@V?$allocator@UNormal@@@std@@U_Undefined_move_tag@3@@std@@YAPAUNormal@@PAU1@00AAV?$allocator@UNormal@@@0@U_Undefined_move_tag@0@U_Range_checked_iterator_tag@0@@Z 0040bcc0 f i md3gl.obj
 0001:0000acf0       ?begin@?$vector@UNormal@@V?$allocator@UNormal@@@std@@@std@@QAE?AV?$_Vector_iterator@UNormal@@V?$allocator@UNormal@@@std@@@2@XZ 0040bcf0 f i md3gl.obj
 0001:0000ad20       ?end@?$vector@UNormal@@V?$allocator@UNormal@@@std@@@std@@QAE?AV?$_Vector_iterator@UNormal@@V?$allocator@UNormal@@@std@@@2@XZ 0040bd20 f i md3gl.obj
 0001:0000ad50       ?_Destroy@?$vector@UNormal@@V?$allocator@UNormal@@@std@@@std@@IAEXPAUNormal@@0@Z 0040bd50 f i md3gl.obj
 0001:0000ad60       ?_Make_iter@?$vector@UNormal@@V?$allocator@UNormal@@@std@@@std@@QBE?AV?$_Vector_iterator@UNormal@@V?$allocator@UNormal@@@std@@@2@V?$_Vector_const_iterator@UNormal@@V?$allocator@UNormal@@@std@@@2@@Z 0040bd60 f i md3gl.obj
 0001:0000ada0       ?_Ufill@?$vector@UNormal@@V?$allocator@UNormal@@@std@@@std@@IAEPAUNormal@@PAU3@IABU3@@Z 0040bda0 f i md3gl.obj
 0001:0000ade0       ??$_Unchecked_uninitialized_move@PAUNormal@@PAU1@V?$allocator@UNormal@@@std@@@stdext@@YAPAUNormal@@PAU1@00AAV?$allocator@UNormal@@@std@@@Z 0040bde0 f i md3gl.obj
 0001:0000ae10       ?_Tidy@?$vector@UNormal@@V?$allocator@UNormal@@@std@@@std@@IAEXXZ 0040be10 f i md3gl.obj
 0001:0000ae40       ?erase@?$vector@UNormal@@V?$allocator@UNormal@@@std@@@std@@QAE?AV?$_Vector_iterator@UNormal@@V?$allocator@UNormal@@@std@@@2@V?$_Vector_const_iterator@UNormal@@V?$allocator@UNormal@@@std@@@2@0@Z 0040be40 f i md3gl.obj
 0001:0000aed0       ??$_Umove@PAUNormal@@@?$vector@UNormal@@V?$allocator@UNormal@@@std@@@std@@IAEPAUNormal@@PAU2@00@Z 0040bed0 f i md3gl.obj
 0001:0000af00       ??1?$vector@UNormal@@V?$allocator@UNormal@@@std@@@std@@QAE@XZ 0040bf00 f i md3gl.obj
 0001:0000af40       ?_Xlen@?$vector@UNormal@@V?$allocator@UNormal@@@std@@@std@@KAXXZ 0040bf40 f i md3gl.obj
 0001:0000afc0       ?_Buy@?$vector@UNormal@@V?$allocator@UNormal@@@std@@@std@@IAE_NI@Z 0040bfc0 f i md3gl.obj
 0001:0000b010       ?_Insert_n@?$vector@UNormal@@V?$allocator@UNormal@@@std@@@std@@IAEXV?$_Vector_const_iterator@UNormal@@V?$allocator@UNormal@@@std@@@2@IABUNormal@@@Z 0040c010 f i md3gl.obj
 0001:0000b2d0       ??0?$vector@UNormal@@V?$allocator@UNormal@@@std@@@std@@QAE@XZ 0040c2d0 f i md3gl.obj
 0001:0000b330       ?resize@?$vector@UNormal@@V?$allocator@UNormal@@@std@@@std@@QAEXIUNormal@@@Z 0040c330 f i md3gl.obj
 0001:0000b400       ?resize@?$vector@UNormal@@V?$allocator@UNormal@@@std@@@std@@QAEXI@Z 0040c400 f i md3gl.obj
 0001:0000b420       ?draw_gl_mesh@@YAXPAUgl_mesh@@PAY02MPAUgl_model@@@Z 0040c420 f   md3gl.obj
 0001:0000bdf0       ?draw_interpolated_gl_mesh@@YAXPAUgl_mesh@@HPAUgl_model@@@Z 0040cdf0 f   md3gl.obj
 0001:0000bef0       ?draw_gl_model@@YAXPAUgl_model@@@Z 0040cef0 f   md3gl.obj
 0001:0000c050       ?draw_view@@YAXXZ          0040d050 f   md3gl.obj
 0001:0000c130       ?draw_skeleton@@YAXPAUgl_model@@@Z 0040d130 f   md3gl.obj
 0001:0000c580       ?draw_viewSkeleton@@YAXXZ  0040d580 f   md3gl.obj
 0001:0000c830       _atan2f                    0040d830 f i md3IO.obj
 0001:0000c850       ?atan2@@YAMMM@Z            0040d850 f i md3IO.obj
 0001:0000c870       ??0Vect3@@QAE@MMM@Z        0040d870 f i md3IO.obj
 0001:0000c890       ??0Vect3@@QAE@PBM@Z        0040d890 f i md3IO.obj
 0001:0000c8b0       ?NormalToLatLong@@YAXQBMQAE@Z 0040d8b0 f   md3IO.obj
 0001:0000c9a0       ?LatLongToNormal@@YAXPAFQAM@Z 0040d9a0 f   md3IO.obj
 0001:0000ca80       ?VectorLength@@YANQBM@Z    0040da80 f   md3IO.obj
 0001:0000cac0       ?ClearBounds@@YAXQAM0@Z    0040dac0 f   md3IO.obj
 0001:0000caf0       ?AddPointToBounds@@YAXQBMQAM1@Z 0040daf0 f   md3IO.obj
 0001:0000cb90       ?G2Exporter_Surface_GetName@@YAPBDH@Z 0040db90 f   md3IO.obj
 0001:0000cc50       ?G2Exporter_Surface_GetShaderName@@YAPBDH@Z 0040dc50 f   md3IO.obj
 0001:0000ccd0       ?G2Exporter_Surface_GetNumVerts@@YAHHH@Z 0040dcd0 f   md3IO.obj
 0001:0000cd40       ?G2Exporter_Surface_GetNumTris@@YAHHH@Z 0040dd40 f   md3IO.obj
 0001:0000cdb0       ?G2Exporter_Surface_GetTriIndex@@YAHHHHH@Z 0040ddb0 f   md3IO.obj
 0001:0000ce90       ?G2Exporter_Surface_GetVertNormal@@YAPAY02MHHH@Z 0040de90 f   md3IO.obj
 0001:0000d050       ?G2Exporter_Surface_GetVertCoords@@YAPAY02MHHH@Z 0040e050 f   md3IO.obj
 0001:0000d3d0       ?G2Exporter_Surface_GetTexCoords@@YAPAY01MHHH@Z 0040e3d0 f   md3IO.obj
 0001:0000d450       ?loadmesh@@YAPBDAAUgl_mesh@@PAU_iobuf@@@Z 0040e450 f   md3IO.obj
 0001:0000dba0       ?AxisClear@@YAXQAY02M@Z    0040eba0 f   md3IO.obj
 0001:0000dbd0       ?R_GetAnimTag@@YAXPAUmd4Header_t@@HHPAUTag@@@Z 0040ebd0 f   md3IO.obj
 0001:0000ddb0       ?loadmodel@@YA_NAAUgl_model@@PAU_iobuf@@PAD@Z 0040edb0 f   md3IO.obj
 0001:0000e4b0       ?delete_gl_model@@YAXPAUgl_model@@@Z 0040f4b0 f   md3IO.obj
 0001:0000e710       ?loadmdx@@YA_NAAUgl_model@@PAD@Z 0040f710 f   md3IO.obj
 0001:0000e750       ?write_baseModelToRaw@@YAXPAD@Z 0040f750 f   md3IO.obj
 0001:0000e860       ?_Nextnode@?$list@V?$basic_string@DU?$char_traits@D@std@@V?$allocator@D@2@@std@@V?$allocator@V?$basic_string@DU?$char_traits@D@std@@V?$allocator@D@2@@std@@@2@@std@@KAAAPAU_Node@?$_List_nod@V?$basic_string@DU?$char_traits@D@std@@V?$allocator@D@2@@std@@V?$allocator@V?$basic_string@DU?$char_traits@D@std@@V?$allocator@D@2@@std@@@2@@2@PAU342@@Z 0040f860 f i md3IO.obj
 0001:0000e870       ?_Prevnode@?$list@V?$basic_string@DU?$char_traits@D@std@@V?$allocator@D@2@@std@@V?$allocator@V?$basic_string@DU?$char_traits@D@std@@V?$allocator@D@2@@std@@@2@@std@@KAAAPAU_Node@?$_List_nod@V?$basic_string@DU?$char_traits@D@std@@V?$allocator@D@2@@std@@V?$allocator@V?$basic_string@DU?$char_traits@D@std@@V?$allocator@D@2@@std@@@2@@2@PAU342@@Z 0040f870 f i md3IO.obj
 0001:0000e880       ??0?$allocator@V?$basic_string@DU?$char_traits@D@std@@V?$allocator@D@2@@std@@@std@@QAE@XZ 0040f880 f i md3IO.obj
 0001:0000e890       ?deallocate@?$allocator@U_Node@?$_List_nod@V?$basic_string@DU?$char_traits@D@std@@V?$allocator@D@2@@std@@V?$allocator@V?$basic_string@DU?$char_traits@D@std@@V?$allocator@D@2@@std@@@2@@std@@@std@@QAEXPAU_Node@?$_List_nod@V?$basic_string@DU?$char_traits@D@std@@V?$allocator@D@2@@std@@V?$allocator@V?$basic_string@DU?$char_traits@D@std@@V?$allocator@D@2@@std@@@2@@2@I@Z 0040f890 f i md3IO.obj
 0001:0000e8a0       ??E?$_Const_iterator@$00@?$list@V?$basic_string@DU?$char_traits@D@std@@V?$allocator@D@2@@std@@V?$allocator@V?$basic_string@DU?$char_traits@D@std@@V?$allocator@D@2@@std@@@2@@std@@QAEAAV012@XZ 0040f8a0 f i md3IO.obj
 0001:0000e8e0       ??8?$_Const_iterator@$00@?$list@V?$basic_string@DU?$char_traits@D@std@@V?$allocator@D@2@@std@@V?$allocator@V?$basic_string@DU?$char_traits@D@std@@V?$allocator@D@2@@std@@@2@@std@@QBE_NABV012@@Z 0040f8e0 f i md3IO.obj
 0001:0000e910       ??0?$_Iterator_with_base@Ubidirectional_iterator_tag@std@@V?$basic_string@DU?$char_traits@D@std@@V?$allocator@D@2@@2@HPBV32@ABV32@V_Iterator_base_aux@2@@std@@QAE@XZ 0040f910 f i md3IO.obj
 0001:0000e920       ?_Myval@?$list@V?$basic_string@DU?$char_traits@D@std@@V?$allocator@D@2@@std@@V?$allocator@V?$basic_string@DU?$char_traits@D@std@@V?$allocator@D@2@@std@@@2@@std@@KAAAV?$basic_string@DU?$char_traits@D@std@@V?$allocator@D@2@@2@PAU_Node@?$_List_nod@V?$basic_string@DU?$char_traits@D@std@@V?$allocator@D@2@@std@@V?$allocator@V?$basic_string@DU?$char_traits@D@std@@V?$allocator@D@2@@std@@@2@@2@@Z 0040f920 f i md3IO.obj
 0001:0000e930       ??0?$allocator@V?$basic_string@DU?$char_traits@D@std@@V?$allocator@D@2@@std@@@std@@QAE@ABV01@@Z 0040f930 f i md3IO.obj
 0001:0000e940       ?_Mynode@?$_Const_iterator@$00@?$list@V?$basic_string@DU?$char_traits@D@std@@V?$allocator@D@2@@std@@V?$allocator@V?$basic_string@DU?$char_traits@D@std@@V?$allocator@D@2@@std@@@2@@std@@QBEPAU_Node@?$_List_nod@V?$basic_string@DU?$char_traits@D@std@@V?$allocator@D@2@@std@@V?$allocator@V?$basic_string@DU?$char_traits@D@std@@V?$allocator@D@2@@std@@@2@@3@XZ 0040f940 f i md3IO.obj
 0001:0000e950       ?max_size@?$allocator@V?$basic_string@DU?$char_traits@D@std@@V?$allocator@D@2@@std@@@std@@QBEIXZ 0040f950 f i md3IO.obj
 0001:0000e960       ??$?0V?$basic_string@DU?$char_traits@D@std@@V?$allocator@D@2@@std@@@?$allocator@PAU_Node@?$_List_nod@V?$basic_string@DU?$char_traits@D@std@@V?$allocator@D@2@@std@@V?$allocator@V?$basic_string@DU?$char_traits@D@std@@V?$allocator@D@2@@std@@@2@@std@@@std@@QAE@ABV?$allocator@V?$basic_string@DU?$char_traits@D@std@@V?$allocator@D@2@@std@@@1@@Z 0040f960 f i md3IO.obj
 0001:0000e970       ??$_Allocate@U_Node@?$_List_nod@V?$basic_string@DU?$char_traits@D@std@@V?$allocator@D@2@@std@@V?$allocator@V?$basic_string@DU?$char_traits@D@std@@V?$allocator@D@2@@std@@@2@@std@@@std@@YAPAU_Node@?$_List_nod@V?$basic_string@DU?$char_traits@D@std@@V?$allocator@D@2@@std@@V?$allocator@V?$basic_string@DU?$char_traits@D@std@@V?$allocator@D@2@@std@@@2@@0@IPAU120@@Z 0040f970 f i md3IO.obj
 0001:0000e9d0       ??$_Construct@PAU_Node@?$_List_nod@V?$basic_string@DU?$char_traits@D@std@@V?$allocator@D@2@@std@@V?$allocator@V?$basic_string@DU?$char_traits@D@std@@V?$allocator@D@2@@std@@@2@@std@@PAU123@@std@@YAXPAPAU_Node@?$_List_nod@V?$basic_string@DU?$char_traits@D@std@@V?$allocator@D@2@@std@@V?$allocator@V?$basic_string@DU?$char_traits@D@std@@V?$allocator@D@2@@std@@@2@@0@ABQAU120@@Z 0040f9d0 f i md3IO.obj
 0001:0000e9f0       ??$_Destroy@PAU_Node@?$_List_nod@V?$basic_string@DU?$char_traits@D@std@@V?$allocator@D@2@@std@@V?$allocator@V?$basic_string@DU?$char_traits@D@std@@V?$allocator@D@2@@std@@@2@@std@@@std@@YAXPAPAU_Node@?$_List_nod@V?$basic_string@DU?$char_traits@D@std@@V?$allocator@D@2@@std@@V?$allocator@V?$basic_string@DU?$char_traits@D@std@@V?$allocator@D@2@@std@@@2@@0@@Z 0040f9f0 f i md3IO.obj
 0001:0000ea00       ??$?0V?$basic_string@DU?$char_traits@D@std@@V?$allocator@D@2@@std@@@?$allocator@U_Node@?$_List_nod@V?$basic_string@DU?$char_traits@D@std@@V?$allocator@D@2@@std@@V?$allocator@V?$basic_string@DU?$char_traits@D@std@@V?$allocator@D@2@@std@@@2@@std@@@std@@QAE@ABV?$allocator@V?$basic_string@DU?$char_traits@D@std@@V?$allocator@D@2@@std@@@1@@Z 0040fa00 f i md3IO.obj
 0001:0000ea10       ??$?0V?$basic_string@DU?$char_traits@D@std@@V?$allocator@D@2@@std@@@?$allocator@V_Aux_cont@std@@@std@@QAE@ABV?$allocator@V?$basic_string@DU?$char_traits@D@std@@V?$allocator@D@2@@std@@@1@@Z 0040fa10 f i md3IO.obj
 0001:0000ea20       ??E?$_Iterator@$00@?$list@V?$basic_string@DU?$char_traits@D@std@@V?$allocator@D@2@@std@@V?$allocator@V?$basic_string@DU?$char_traits@D@std@@V?$allocator@D@2@@std@@@2@@std@@QAEAAV012@XZ 0040fa20 f i md3IO.obj
 0001:0000ea60       ??9?$_Const_iterator@$00@?$list@V?$basic_string@DU?$char_traits@D@std@@V?$allocator@D@2@@std@@V?$allocator@V?$basic_string@DU?$char_traits@D@std@@V?$allocator@D@2@@std@@@2@@std@@QBE_NABV012@@Z 0040fa60 f i md3IO.obj
 0001:0000ea90       ??1?$_Container_base_aux_alloc_real@V?$allocator@V?$basic_string@DU?$char_traits@D@std@@V?$allocator@D@2@@std@@@std@@@std@@IAE@XZ 0040fa90 f i md3IO.obj
 0001:0000eaa0       ??D?$_Const_iterator@$00@?$list@V?$basic_string@DU?$char_traits@D@std@@V?$allocator@D@2@@std@@V?$allocator@V?$basic_string@DU?$char_traits@D@std@@V?$allocator@D@2@@std@@@2@@std@@QBEABV?$basic_string@DU?$char_traits@D@std@@V?$allocator@D@2@@2@XZ 0040faa0 f i md3IO.obj
 0001:0000ead0       ??0?$_Bidit@V?$basic_string@DU?$char_traits@D@std@@V?$allocator@D@2@@std@@HPBV12@ABV12@@std@@QAE@XZ 0040fad0 f i md3IO.obj
 0001:0000eae0       ?allocate@?$allocator@U_Node@?$_List_nod@V?$basic_string@DU?$char_traits@D@std@@V?$allocator@D@2@@std@@V?$allocator@V?$basic_string@DU?$char_traits@D@std@@V?$allocator@D@2@@std@@@2@@std@@@std@@QAEPAU_Node@?$_List_nod@V?$basic_string@DU?$char_traits@D@std@@V?$allocator@D@2@@std@@V?$allocator@V?$basic_string@DU?$char_traits@D@std@@V?$allocator@D@2@@std@@@2@@2@I@Z 0040fae0 f i md3IO.obj
 0001:0000eb00       ?construct@?$allocator@PAU_Node@?$_List_nod@V?$basic_string@DU?$char_traits@D@std@@V?$allocator@D@2@@std@@V?$allocator@V?$basic_string@DU?$char_traits@D@std@@V?$allocator@D@2@@std@@@2@@std@@@std@@QAEXPAPAU_Node@?$_List_nod@V?$basic_string@DU?$char_traits@D@std@@V?$allocator@D@2@@std@@V?$allocator@V?$basic_string@DU?$char_traits@D@std@@V?$allocator@D@2@@std@@@2@@2@ABQAU342@@Z 0040fb00 f i md3IO.obj
 0001:0000eb20       ?destroy@?$allocator@PAU_Node@?$_List_nod@V?$basic_string@DU?$char_traits@D@std@@V?$allocator@D@2@@std@@V?$allocator@V?$basic_string@DU?$char_traits@D@std@@V?$allocator@D@2@@std@@@2@@std@@@std@@QAEXPAPAU_Node@?$_List_nod@V?$basic_string@DU?$char_traits@D@std@@V?$allocator@D@2@@std@@V?$allocator@V?$basic_string@DU?$char_traits@D@std@@V?$allocator@D@2@@std@@@2@@2@@Z 0040fb20 f i md3IO.obj
 0001:0000eb30       ??0?$_Const_iterator@$00@?$list@V?$basic_string@DU?$char_traits@D@std@@V?$allocator@D@2@@std@@V?$allocator@V?$basic_string@DU?$char_traits@D@std@@V?$allocator@D@2@@std@@@2@@std@@QAE@PAU_Node@?$_List_nod@V?$basic_string@DU?$char_traits@D@std@@V?$allocator@D@2@@std@@V?$allocator@V?$basic_string@DU?$char_traits@D@std@@V?$allocator@D@2@@std@@@2@@2@PBV12@@Z 0040fb30 f i md3IO.obj
 0001:0000eb60       ?max_size@?$list@V?$basic_string@DU?$char_traits@D@std@@V?$allocator@D@2@@std@@V?$allocator@V?$basic_string@DU?$char_traits@D@std@@V?$allocator@D@2@@std@@@2@@std@@QBEIXZ 0040fb60 f i md3IO.obj
 0001:0000eb70       ??D?$_Iterator@$00@?$list@V?$basic_string@DU?$char_traits@D@std@@V?$allocator@D@2@@std@@V?$allocator@V?$basic_string@DU?$char_traits@D@std@@V?$allocator@D@2@@std@@@2@@std@@QBEAAV?$basic_string@DU?$char_traits@D@std@@V?$allocator@D@2@@2@XZ 0040fb70 f i md3IO.obj
 0001:0000eba0       ??1?$_List_nod@V?$basic_string@DU?$char_traits@D@std@@V?$allocator@D@2@@std@@V?$allocator@V?$basic_string@DU?$char_traits@D@std@@V?$allocator@D@2@@std@@@2@@std@@QAE@XZ 0040fba0 f i md3IO.obj
 0001:0000ebb0       ?_Buynode@?$list@V?$basic_string@DU?$char_traits@D@std@@V?$allocator@D@2@@std@@V?$allocator@V?$basic_string@DU?$char_traits@D@std@@V?$allocator@D@2@@std@@@2@@std@@IAEPAU_Node@?$_List_nod@V?$basic_string@DU?$char_traits@D@std@@V?$allocator@D@2@@std@@V?$allocator@V?$basic_string@DU?$char_traits@D@std@@V?$allocator@D@2@@std@@@2@@2@XZ 0040fbb0 f i md3IO.obj
 0001:0000ebd0       ??0?$_Iterator@$00@?$list@V?$basic_string@DU?$char_traits@D@std@@V?$allocator@D@2@@std@@V?$allocator@V?$basic_string@DU?$char_traits@D@std@@V?$allocator@D@2@@std@@@2@@std@@QAE@PAU_Node@?$_List_nod@V?$basic_string@DU?$char_traits@D@std@@V?$allocator@D@2@@std@@V?$allocator@V?$basic_string@DU?$char_traits@D@std@@V?$allocator@D@2@@std@@@2@@2@PBV12@@Z 0040fbd0 f i md3IO.obj
 0001:0000ec00       ??0?$_Const_iterator@$00@?$list@V?$basic_string@DU?$char_traits@D@std@@V?$allocator@D@2@@std@@V?$allocator@V?$basic_string@DU?$char_traits@D@std@@V?$allocator@D@2@@std@@@2@@std@@QAE@XZ 0040fc00 f i md3IO.obj
 0001:0000ec10       ??0?$_Container_base_aux_alloc_real@V?$allocator@V?$basic_string@DU?$char_traits@D@std@@V?$allocator@D@2@@std@@@std@@@std@@IAE@V?$allocator@V?$basic_string@DU?$char_traits@D@std@@V?$allocator@D@2@@std@@@1@@Z 0040fc10 f i md3IO.obj
 0001:0000ec40       ?begin@?$list@V?$basic_string@DU?$char_traits@D@std@@V?$allocator@D@2@@std@@V?$allocator@V?$basic_string@DU?$char_traits@D@std@@V?$allocator@D@2@@std@@@2@@std@@QAE?AV?$_Iterator@$00@12@XZ 0040fc40 f i md3IO.obj
 0001:0000ec60       ?end@?$list@V?$basic_string@DU?$char_traits@D@std@@V?$allocator@D@2@@std@@V?$allocator@V?$basic_string@DU?$char_traits@D@std@@V?$allocator@D@2@@std@@@2@@std@@QAE?AV?$_Iterator@$00@12@XZ 0040fc60 f i md3IO.obj
 0001:0000ec80       ??0?$_Iterator@$00@?$list@V?$basic_string@DU?$char_traits@D@std@@V?$allocator@D@2@@std@@V?$allocator@V?$basic_string@DU?$char_traits@D@std@@V?$allocator@D@2@@std@@@2@@std@@QAE@XZ 0040fc80 f i md3IO.obj
 0001:0000ec90       ??1?$_List_ptr@V?$basic_string@DU?$char_traits@D@std@@V?$allocator@D@2@@std@@V?$allocator@V?$basic_string@DU?$char_traits@D@std@@V?$allocator@D@2@@std@@@2@@std@@QAE@XZ 0040fc90 f i md3IO.obj
 0001:0000eca0       ?append@?$basic_string@DU?$char_traits@D@std@@V?$allocator@D@2@@std@@QAEAAV12@ABV12@II@Z 0040fca0 f i md3IO.obj
 0001:0000eda0       ??0?$_List_nod@V?$basic_string@DU?$char_traits@D@std@@V?$allocator@D@2@@std@@V?$allocator@V?$basic_string@DU?$char_traits@D@std@@V?$allocator@D@2@@std@@@2@@std@@IAE@V?$allocator@V?$basic_string@DU?$char_traits@D@std@@V?$allocator@D@2@@std@@@1@@Z 0040fda0 f i md3IO.obj
 0001:0000edd0       ??1_Node@?$_List_nod@V?$basic_string@DU?$char_traits@D@std@@V?$allocator@D@2@@std@@V?$allocator@V?$basic_string@DU?$char_traits@D@std@@V?$allocator@D@2@@std@@@2@@std@@QAE@XZ 0040fdd0 f i md3IO.obj
 0001:0000ee00       ??1?$_List_val@V?$basic_string@DU?$char_traits@D@std@@V?$allocator@D@2@@std@@V?$allocator@V?$basic_string@DU?$char_traits@D@std@@V?$allocator@D@2@@std@@@2@@std@@QAE@XZ 0040fe00 f i md3IO.obj
 0001:0000ee10       ?append@?$basic_string@DU?$char_traits@D@std@@V?$allocator@D@2@@std@@QAEAAV12@PBDI@Z 0040fe10 f i md3IO.obj
 0001:0000ef20       ??0?$_List_ptr@V?$basic_string@DU?$char_traits@D@std@@V?$allocator@D@2@@std@@V?$allocator@V?$basic_string@DU?$char_traits@D@std@@V?$allocator@D@2@@std@@@2@@std@@IAE@V?$allocator@V?$basic_string@DU?$char_traits@D@std@@V?$allocator@D@2@@std@@@1@@Z 0040ff20 f i md3IO.obj
 0001:0000ef50       ??_G_Node@?$_List_nod@V?$basic_string@DU?$char_traits@D@std@@V?$allocator@D@2@@std@@V?$allocator@V?$basic_string@DU?$char_traits@D@std@@V?$allocator@D@2@@std@@@2@@std@@QAEPAXI@Z 0040ff50 f i md3IO.obj
 0001:0000ef90       ?append@?$basic_string@DU?$char_traits@D@std@@V?$allocator@D@2@@std@@QAEAAV12@PBD@Z 0040ff90 f i md3IO.obj
 0001:0000efc0       ??0?$_List_val@V?$basic_string@DU?$char_traits@D@std@@V?$allocator@D@2@@std@@V?$allocator@V?$basic_string@DU?$char_traits@D@std@@V?$allocator@D@2@@std@@@2@@std@@QAE@V?$allocator@V?$basic_string@DU?$char_traits@D@std@@V?$allocator@D@2@@std@@@1@@Z 0040ffc0 f i md3IO.obj
 0001:0000eff0       ??$_Destroy@U_Node@?$_List_nod@V?$basic_string@DU?$char_traits@D@std@@V?$allocator@D@2@@std@@V?$allocator@V?$basic_string@DU?$char_traits@D@std@@V?$allocator@D@2@@std@@@2@@std@@@std@@YAXPAU_Node@?$_List_nod@V?$basic_string@DU?$char_traits@D@std@@V?$allocator@D@2@@std@@V?$allocator@V?$basic_string@DU?$char_traits@D@std@@V?$allocator@D@2@@std@@@2@@0@@Z 0040fff0 f i md3IO.obj
 0001:0000f020       ??$_Construct@V?$basic_string@DU?$char_traits@D@std@@V?$allocator@D@2@@std@@V12@@std@@YAXPAV?$basic_string@DU?$char_traits@D@std@@V?$allocator@D@2@@0@ABV10@@Z 00410020 f i md3IO.obj
 0001:0000f090       ??Y?$basic_string@DU?$char_traits@D@std@@V?$allocator@D@2@@std@@QAEAAV01@PBD@Z 00410090 f i md3IO.obj
 0001:0000f0c0       ??0?$list@V?$basic_string@DU?$char_traits@D@std@@V?$allocator@D@2@@std@@V?$allocator@V?$basic_string@DU?$char_traits@D@std@@V?$allocator@D@2@@std@@@2@@std@@QAE@XZ 004100c0 f i md3IO.obj
 0001:0000f130       ?destroy@?$allocator@U_Node@?$_List_nod@V?$basic_string@DU?$char_traits@D@std@@V?$allocator@D@2@@std@@V?$allocator@V?$basic_string@DU?$char_traits@D@std@@V?$allocator@D@2@@std@@@2@@std@@@std@@QAEXPAU_Node@?$_List_nod@V?$basic_string@DU?$char_traits@D@std@@V?$allocator@D@2@@std@@V?$allocator@V?$basic_string@DU?$char_traits@D@std@@V?$allocator@D@2@@std@@@2@@2@@Z 00410130 f i md3IO.obj
 0001:0000f160       ?_Incsize@?$list@V?$basic_string@DU?$char_traits@D@std@@V?$allocator@D@2@@std@@V?$allocator@V?$basic_string@DU?$char_traits@D@std@@V?$allocator@D@2@@std@@@2@@std@@IAEXI@Z 00410160 f i md3IO.obj
 0001:0000f200       ?construct@?$allocator@V?$basic_string@DU?$char_traits@D@std@@V?$allocator@D@2@@std@@@std@@QAEXPAV?$basic_string@DU?$char_traits@D@std@@V?$allocator@D@2@@2@ABV32@@Z 00410200 f i md3IO.obj
 0001:0000f220       ?clear@?$list@V?$basic_string@DU?$char_traits@D@std@@V?$allocator@D@2@@std@@V?$allocator@V?$basic_string@DU?$char_traits@D@std@@V?$allocator@D@2@@std@@@2@@std@@QAEXXZ 00410220 f i md3IO.obj
 0001:0000f280       ?_Tidy@?$list@V?$basic_string@DU?$char_traits@D@std@@V?$allocator@D@2@@std@@V?$allocator@V?$basic_string@DU?$char_traits@D@std@@V?$allocator@D@2@@std@@@2@@std@@IAEXXZ 00410280 f i md3IO.obj
 0001:0000f2a0       ?_Buynode@?$list@V?$basic_string@DU?$char_traits@D@std@@V?$allocator@D@2@@std@@V?$allocator@V?$basic_string@DU?$char_traits@D@std@@V?$allocator@D@2@@std@@@2@@std@@IAEPAU_Node@?$_List_nod@V?$basic_string@DU?$char_traits@D@std@@V?$allocator@D@2@@std@@V?$allocator@V?$basic_string@DU?$char_traits@D@std@@V?$allocator@D@2@@std@@@2@@2@PAU342@0ABV?$basic_string@DU?$char_traits@D@std@@V?$allocator@D@2@@2@@Z 004102a0 f i md3IO.obj
 0001:0000f340       ??1?$list@V?$basic_string@DU?$char_traits@D@std@@V?$allocator@D@2@@std@@V?$allocator@V?$basic_string@DU?$char_traits@D@std@@V?$allocator@D@2@@std@@@2@@std@@QAE@XZ 00410340 f i md3IO.obj
 0001:0000f370       ?_Insert@?$list@V?$basic_string@DU?$char_traits@D@std@@V?$allocator@D@2@@std@@V?$allocator@V?$basic_string@DU?$char_traits@D@std@@V?$allocator@D@2@@std@@@2@@std@@QAEXV?$_Const_iterator@$00@12@ABV?$basic_string@DU?$char_traits@D@std@@V?$allocator@D@2@@2@@Z 00410370 f i md3IO.obj
 0001:0000f3b0       ?push_back@?$list@V?$basic_string@DU?$char_traits@D@std@@V?$allocator@D@2@@std@@V?$allocator@V?$basic_string@DU?$char_traits@D@std@@V?$allocator@D@2@@std@@@2@@std@@QAEXABV?$basic_string@DU?$char_traits@D@std@@V?$allocator@D@2@@2@@Z 004103b0 f i md3IO.obj
 0001:0000f3f0       ?ExportThisModel@@YA_NPBDPAUgl_model@@_N@Z 004103f0 f   md3IO.obj
 0001:00010510       ??0NodeSequenceInfo@@QAE@XZ 00411510 f i md3view.obj
 0001:00010520       ?last@NodeSequenceInfo@@QAEPAVNodePositionInfo@@XZ 00411520 f i md3view.obj
 0001:00010530       ??0NodeDictionaryInfo@@QAE@PAVKeyComparatorInfo@@@Z 00411530 f i md3view.obj
 0001:00010550       ?reset_viewpos@@YAXXZ      00411550 f   md3view.obj
 0001:00010590       ??0KeyComparatorInfo@@QAE@XZ 00411590 f i md3view.obj
 0001:000105a0       ?loadmdl_original@@YA_NPADPBDPAUgl_model@@2@Z 004115a0 f   md3view.obj
 0001:000108d0       ?loadmdl@@YA_NPAD@Z        004118d0 f   md3view.obj
 0001:00010a00       ?loadmdl_totag@@YAXPADH@Z  00411a00 f   md3view.obj
 0001:00010a30       ?importNewSkin@@YAXPAD@Z   00411a30 f   md3view.obj
 0001:00010a40       ?free_mdviewdata@@YAXXZ    00411a40 f   md3view.obj
 0001:00010a80       ?freemdl_fromtag@@YAXH@Z   00411a80 f   md3view.obj
 0001:00010aa0       ??_GNodeSequenceInfo@@QAEPAXI@Z 00411aa0 f i md3view.obj
 0001:00010ac0       ??1NodeDictionaryInfo@@QAE@XZ 00411ac0 f i md3view.obj
 0001:00010ad0       ?capacity@?$vector@HV?$allocator@H@std@@@std@@QBEIXZ 00411ad0 f i md3view.obj
 0001:00010af0       ??G?$_Vector_const_iterator@HV?$allocator@H@std@@@std@@QBEHABV01@@Z 00411af0 f i md3view.obj
 0001:00010b20       ??$_Iter_random@PAHPAH@std@@YA?AUrandom_access_iterator_tag@0@ABQAH0@Z 00411b20 f i md3view.obj
 0001:00010b30       ??$_Copy_opt@PAHPAHUrandom_access_iterator_tag@std@@@std@@YAPAHPAH00Urandom_access_iterator_tag@0@U_Scalar_ptr_iterator_tag@0@U_Range_checked_iterator_tag@0@@Z 00411b30 f i md3view.obj
 0001:00010b70       ??$_Fill@PAHH@std@@YAXPAH0ABH@Z 00411b70 f i md3view.obj
 0001:00010b90       ??$_Move_cat@PAH@std@@YA?AU_Undefined_move_tag@0@ABQAH@Z 00411b90 f i md3view.obj
 0001:00010ba0       ??$_Checked_base@PAH@std@@YAPAHAAPAHU_Unchanged_checked_iterator_base_type_tag@0@@Z 00411ba0 f i md3view.obj
 0001:00010bb0       ??$_Uninit_copy@PAHPAHV?$allocator@H@std@@@std@@YAPAHPAH00AAV?$allocator@H@0@U_Scalar_ptr_iterator_tag@0@U_Range_checked_iterator_tag@0@@Z 00411bb0 f i md3view.obj
 0001:00010bf0       ??$_Copy_backward_opt@PAHPAHUrandom_access_iterator_tag@std@@@std@@YAPAHPAH00Urandom_access_iterator_tag@0@U_Scalar_ptr_iterator_tag@0@U_Range_checked_iterator_tag@0@@Z 00411bf0 f i md3view.obj
 0001:00010c20       ??$_Iter_cat@PAH@std@@YA?AUrandom_access_iterator_tag@0@ABQAH@Z 00411c20 f i md3view.obj
 0001:00010c30       ??$_Fill_n@PAHIH@std@@YAXPAHIABHU_Range_checked_iterator_tag@0@@Z 00411c30 f i md3view.obj
 0001:00010c50       ??0StrKeyComparatorInfo@@QAE@XZ 00411c50 f i md3view.obj
 0001:00010c60       ?printKey@StrKeyComparatorInfo@@UAEPADPAX@Z 00411c60 f i md3view.obj
 0001:00010c70       ??_GNodeDictionaryInfo@@QAEPAXI@Z 00411c70 f i md3view.obj
 0001:00010c90       ??$_Checked_base@PAH@std@@YAPAHAAPAH@Z 00411c90 f i md3view.obj
 0001:00010ca0       ??$unchecked_uninitialized_copy@PAHPAHV?$allocator@H@std@@@stdext@@YAPAHPAH00AAV?$allocator@H@std@@@Z 00411ca0 f i md3view.obj
 0001:00010ce0       ??$_Move_backward_opt@PAHPAHUrandom_access_iterator_tag@std@@U_Undefined_move_tag@2@@std@@YAPAHPAH00Urandom_access_iterator_tag@0@U_Undefined_move_tag@0@U_Range_checked_iterator_tag@0@@Z 00411ce0 f i md3view.obj
 0001:00010d10       ??$_Uninit_move@PAHPAHV?$allocator@H@std@@U_Undefined_move_tag@2@@std@@YAPAHPAH00AAV?$allocator@H@0@U_Undefined_move_tag@0@U_Range_checked_iterator_tag@0@@Z 00411d10 f i md3view.obj
 0001:00010d50       ??$_Fill_n@PAHIH@std@@YAXPAHIABHUrandom_access_iterator_tag@0@U_Range_checked_iterator_tag@0@@Z 00411d50 f i md3view.obj
 0001:00010d70       ?init_mdview@@YAXPBD@Z     00411d70 f   md3view.obj
 0001:00010fa0       ?shutdown_mdviewdata@@YAXXZ 00411fa0 f   md3view.obj
 0001:00010ff0       ?stat_gl_model@@YAXPAUgl_model@@PAD@Z 00411ff0 f   md3view.obj
 0001:00011410       ?stat_skeleton@@YAXPAUgl_model@@PAD@Z 00412410 f   md3view.obj
 0001:00011490       ?_Make_iter@?$vector@HV?$allocator@H@std@@@std@@QBE?AV?$_Vector_iterator@HV?$allocator@H@std@@@2@V?$_Vector_const_iterator@HV?$allocator@H@std@@@2@@Z 00412490 f i md3view.obj
 0001:000114d0       ??$unchecked_copy@PAHPAH@stdext@@YAPAHPAH00@Z 004124d0 f i md3view.obj
 0001:00011510       ??$_Ucopy@PAH@?$vector@HV?$allocator@H@std@@@std@@IAEPAHPAH00@Z 00412510 f i md3view.obj
 0001:00011550       ??$fill@PAHH@std@@YAXPAH0ABH@Z 00412550 f i md3view.obj
 0001:00011570       ??$_Unchecked_move_backward@PAHPAH@stdext@@YAPAHPAH00@Z 00412570 f i md3view.obj
 0001:000115a0       ??$_Unchecked_uninitialized_move@PAHPAHV?$allocator@H@std@@@stdext@@YAPAHPAH00AAV?$allocator@H@std@@@Z 004125a0 f i md3view.obj
 0001:000115e0       ??$unchecked_fill_n@PAHIH@stdext@@YAXPAHIABH@Z 004125e0 f i md3view.obj
 0001:00011600       ?erase@?$vector@HV?$allocator@H@std@@@std@@QAE?AV?$_Vector_iterator@HV?$allocator@H@std@@@2@V?$_Vector_const_iterator@HV?$allocator@H@std@@@2@0@Z 00412600 f i md3view.obj
 0001:00011690       ??$_Umove@PAH@?$vector@HV?$allocator@H@std@@@std@@IAEPAHPAH00@Z 00412690 f i md3view.obj
 0001:000116d0       ??$_Uninit_fill_n@PAHIHV?$allocator@H@std@@@std@@YAXPAHIABHAAV?$allocator@H@0@U_Scalar_ptr_iterator_tag@0@U_Range_checked_iterator_tag@0@@Z 004126d0 f i md3view.obj
 0001:000116f0       ?draw_stats@@YAXXZ         004126f0 f   md3view.obj
 0001:00011ea0       ?clear@?$vector@HV?$allocator@H@std@@@std@@QAEXXZ 00412ea0 f i md3view.obj
 0001:00011ee0       ??$unchecked_uninitialized_fill_n@PAHIHV?$allocator@H@std@@@stdext@@YAXPAHIABHAAV?$allocator@H@std@@@Z 00412ee0 f i md3view.obj
 0001:00011f00       ?render_mdview@@YAXXZ      00412f00 f   md3view.obj
 0001:00011f10       ?_Ufill@?$vector@HV?$allocator@H@std@@@std@@IAEPAHPAHIABH@Z 00412f10 f i md3view.obj
 0001:00011f40       ?_Insert_n@?$vector@HV?$allocator@H@std@@@std@@IAEXV?$_Vector_const_iterator@HV?$allocator@H@std@@@2@IABH@Z 00412f40 f i md3view.obj
 0001:000120f0       ??4?$vector@HV?$allocator@H@std@@@std@@QAEAAV01@ABV01@@Z 004130f0 f i md3view.obj
 0001:000121e0       ?insert@?$vector@HV?$allocator@H@std@@@std@@QAE?AV?$_Vector_iterator@HV?$allocator@H@std@@@2@V?$_Vector_const_iterator@HV?$allocator@H@std@@@2@ABH@Z 004131e0 f i md3view.obj
 0001:00012290       ?push_back@?$vector@HV?$allocator@H@std@@@std@@QAEXABH@Z 00413290 f i md3view.obj
 0001:00012300       ?ParseSequenceLockFile@@YA_NPBD@Z 00413300 f   md3view.obj
 0001:00012700       ??0NodePositionInfo@@QAE@PAVNodeSequenceInfo@@PAX@Z 00413700 f i nodedictionary.obj
 0001:00012720       ?getNextNode@NodePositionInfo@@QAEPAV1@XZ 00413720 f i nodedictionary.obj
 0001:00012730       ?getPrevNode@NodePositionInfo@@QAEPAV1@XZ 00413730 f i nodedictionary.obj
 0001:00012740       ?setElement@NodePositionInfo@@QAEXPAX@Z 00413740 f i nodedictionary.obj
 0001:00012750       ?size@NodeSequenceInfo@@QAEHXZ 00413750 f i nodedictionary.obj
 0001:00012760       ??0NodeLocatorInfo@@QAE@PAVNodeSequenceInfo@@PAX1@Z 00413760 f i nodedictionary.obj
 0001:00012780       ?key@NodeLocatorInfo@@QAEPAXXZ 00413780 f i nodedictionary.obj
 0001:00012790       ?to_int_type@?$char_traits@D@std@@SAHABD@Z 00413790 f i nodedictionary.obj
 0001:000127a0       ?eq_int_type@?$char_traits@D@std@@SA_NABH0@Z 004137a0 f i nodedictionary.obj
 0001:000127c0       ?eof@?$char_traits@D@std@@SAHXZ 004137c0 f i nodedictionary.obj
 0001:000127d0       ?_Getcvt@_Locinfo@std@@QBE?AU_Cvtvec@@XZ 004137d0 f i nodedictionary.obj
 0001:000127f0       ??0id@locale@std@@QAE@I@Z  004137f0 f i nodedictionary.obj
 0001:00012800       ??Bid@locale@std@@QAEIXZ   00413800 f i nodedictionary.obj
 0001:00012840       ?_Incref@facet@locale@std@@QAEXXZ 00413840 f i nodedictionary.obj
 0001:00012870       ?_Decref@facet@locale@std@@QAEPAV123@XZ 00413870 f i nodedictionary.obj
 0001:000128b0       ?_Register@facet@locale@std@@QAEXXZ 004138b0 f i nodedictionary.obj
 0001:000128c0       ??1facet@locale@std@@UAE@XZ 004138c0 f i nodedictionary.obj
 0001:000128d0       ??0facet@locale@std@@IAE@I@Z 004138d0 f i nodedictionary.obj
 0001:000128f0       ??0locale@std@@QAE@ABV01@@Z 004138f0 f i nodedictionary.obj
 0001:00012930       ??1locale@std@@QAE@XZ      00413930 f i nodedictionary.obj
 0001:00012980       ?_Getfacet@locale@std@@QBEPBVfacet@12@I@Z 00413980 f i nodedictionary.obj
 0001:000129c0       ??_Gfacet@locale@std@@UAEPAXI@Z 004139c0 f i nodedictionary.obj
 0001:000129c0       ??_Efacet@locale@std@@UAEPAXI@Z 004139c0 f i nodedictionary.obj
 0001:000129e0       ?rdstate@ios_base@std@@QBEHXZ 004139e0 f i nodedictionary.obj
 0001:000129f0       ?good@ios_base@std@@QBE_NXZ 004139f0 f i nodedictionary.obj
 0001:00012a00       ?fail@ios_base@std@@QBE_NXZ 00413a00 f i nodedictionary.obj
 0001:00012a10       ?flags@ios_base@std@@QBEHXZ 00413a10 f i nodedictionary.obj
 0001:00012a20       ?width@ios_base@std@@QBEHXZ 00413a20 f i nodedictionary.obj
 0001:00012a30       ?width@ios_base@std@@QAEHH@Z 00413a30 f i nodedictionary.obj
 0001:00012a40       ?getloc@ios_base@std@@QBE?AVlocale@2@XZ 00413a40 f i nodedictionary.obj
 0001:00012a80       ?insert@NodeDictionaryInfo@@QAEXPAX0@Z 00413a80 f   nodedictionary.obj
 0001:00012ac0       ?insertReplace@NodeDictionaryInfo@@QAEPAXPAX0@Z 00413ac0 f   nodedictionary.obj
 0001:00012b40       ?find@NodeDictionaryInfo@@QAEPAXPAX@Z 00413b40 f   nodedictionary.obj
 0001:00012b90       ?remove@NodeDictionaryInfo@@QAEPAXPAX@Z 00413b90 f   nodedictionary.obj
 0001:00012bd0       ?replace@NodeDictionaryInfo@@QAEPAXPAX0@Z 00413bd0 f   nodedictionary.obj
 0001:00012c20       ??6?$basic_ostream@DU?$char_traits@D@std@@@std@@QAEAAV01@P6AAAV01@AAV01@@Z@Z 00413c20 f i nodedictionary.obj
 0001:00012c30       ?rdbuf@?$basic_ios@DU?$char_traits@D@std@@@std@@QBEPAV?$basic_streambuf@DU?$char_traits@D@std@@@2@XZ 00413c30 f i nodedictionary.obj
 0001:00012c40       ?fill@?$basic_ios@DU?$char_traits@D@std@@@std@@QBEDXZ 00413c40 f i nodedictionary.obj
 0001:00012c50       ?pubsync@?$basic_streambuf@DU?$char_traits@D@std@@@std@@QAEHXZ 00413c50 f i nodedictionary.obj
 0001:00012c60       ?_Unlock@?$basic_streambuf@DU?$char_traits@D@std@@@std@@QAEXXZ 00413c60 f i nodedictionary.obj
 0001:00012c70       ?_Pnavail@?$basic_streambuf@DU?$char_traits@D@std@@@std@@IBEHXZ 00413c70 f i nodedictionary.obj
 0001:00012c90       ??Bsentry@?$basic_ostream@DU?$char_traits@D@std@@@std@@QBE_NXZ 00413c90 f i nodedictionary.obj
 0001:00012ca0       ?put@?$num_put@DV?$ostreambuf_iterator@DU?$char_traits@D@std@@@std@@@std@@QBE?AV?$ostreambuf_iterator@DU?$char_traits@D@std@@@2@V32@AAVios_base@2@DJ@Z 00413ca0 f i nodedictionary.obj
 0001:00012cd0       ?put@?$num_put@DV?$ostreambuf_iterator@DU?$char_traits@D@std@@@std@@@std@@QBE?AV?$ostreambuf_iterator@DU?$char_traits@D@std@@@2@V32@AAVios_base@2@DPBX@Z 00413cd0 f i nodedictionary.obj
 0001:00012d00       ??0?$ostreambuf_iterator@DU?$char_traits@D@std@@@std@@QAE@PAV?$basic_streambuf@DU?$char_traits@D@std@@@1@@Z 00413d00 f i nodedictionary.obj
 0001:00012d10       ?failed@?$ostreambuf_iterator@DU?$char_traits@D@std@@@std@@QBE_NXZ 00413d10 f i nodedictionary.obj
 0001:00012d20       ?tie@?$basic_ios@DU?$char_traits@D@std@@@std@@QBEPAV?$basic_ostream@DU?$char_traits@D@std@@@2@XZ 00413d20 f i nodedictionary.obj
 0001:00012d30       ?_Lock@?$basic_streambuf@DU?$char_traits@D@std@@@std@@QAEXXZ 00413d30 f i nodedictionary.obj
 0001:00012d40       ?_Pninc@?$basic_streambuf@DU?$char_traits@D@std@@@std@@IAEPADXZ 00413d40 f i nodedictionary.obj
 0001:00012d50       ??0_Sentry_base@?$basic_ostream@DU?$char_traits@D@std@@@std@@QAE@AAV12@@Z 00413d50 f i nodedictionary.obj
 0001:00012d80       ??1_Sentry_base@?$basic_ostream@DU?$char_traits@D@std@@@std@@QAE@XZ 00413d80 f i nodedictionary.obj
 0001:00012da0       ?sputn@?$basic_streambuf@DU?$char_traits@D@std@@@std@@QAEHPBDH@Z 00413da0 f i nodedictionary.obj
 0001:00012db0       ?_Init@?$num_put@DV?$ostreambuf_iterator@DU?$char_traits@D@std@@@std@@@std@@IAEXABV_Locinfo@2@@Z 00413db0 f i nodedictionary.obj
 0001:00012dd0       ?sputc@?$basic_streambuf@DU?$char_traits@D@std@@@std@@QAEHD@Z 00413dd0 f i nodedictionary.obj
 0001:00012e10       ??0?$num_put@DV?$ostreambuf_iterator@DU?$char_traits@D@std@@@std@@@std@@QAE@ABV_Locinfo@1@I@Z 00413e10 f i nodedictionary.obj
 0001:00012e40       ?assign@?$char_traits@D@std@@SAPADPADID@Z 00413e40 f i nodedictionary.obj
 0001:00012e60       ?_Getlconv@_Locinfo@std@@QBEPBUlconv@@XZ 00413e60 f i nodedictionary.obj
 0001:00012e70       ?_Getfalse@_Locinfo@std@@QBEPBDXZ 00413e70 f i nodedictionary.obj
 0001:00012e80       ?_Gettrue@_Locinfo@std@@QBEPBDXZ 00413e80 f i nodedictionary.obj
 0001:00012e90       ?precision@ios_base@std@@QBEHXZ 00413e90 f i nodedictionary.obj
 0001:00012ea0       ??1?$num_put@DV?$ostreambuf_iterator@DU?$char_traits@D@std@@@std@@@std@@MAE@XZ 00413ea0 f i nodedictionary.obj
 0001:00012eb0       ??_E?$num_put@DV?$ostreambuf_iterator@DU?$char_traits@D@std@@@std@@@std@@MAEPAXI@Z 00413eb0 f i nodedictionary.obj
 0001:00012eb0       ??_G?$num_put@DV?$ostreambuf_iterator@DU?$char_traits@D@std@@@std@@@std@@MAEPAXI@Z 00413eb0 f i nodedictionary.obj
 0001:00012ed0       ?_Ffmt@?$num_put@DV?$ostreambuf_iterator@DU?$char_traits@D@std@@@std@@@std@@ABAPADPADDH@Z 00413ed0 f i nodedictionary.obj
 0001:00012f50       ?_Ifmt@?$num_put@DV?$ostreambuf_iterator@DU?$char_traits@D@std@@@std@@@std@@ABAPADPADPBDH@Z 00413f50 f i nodedictionary.obj
 0001:00012fe0       ??A?$basic_string@DU?$char_traits@D@std@@V?$allocator@D@2@@std@@QAEAADI@Z 00413fe0 f i nodedictionary.obj
 0001:00013010       ??D?$ostreambuf_iterator@DU?$char_traits@D@std@@@std@@QAEAAV01@XZ 00414010 f i nodedictionary.obj
[...]
 0001:0005bb10       __unwindfunclet$??0?$list@V?$basic_string@DU?$char_traits@D@std@@V?$allocator@D@2@@std@@V?$allocator@V?$basic_string@DU?$char_traits@D@std@@V?$allocator@D@2@@std@@@2@@std@@QAE@XZ$0 0045cb10 f   md3IO.obj
 0001:0005bb18       __ehhandler$??0?$list@V?$basic_string@DU?$char_traits@D@std@@V?$allocator@D@2@@std@@V?$allocator@V?$basic_string@DU?$char_traits@D@std@@V?$allocator@D@2@@std@@@2@@std@@QAE@XZ 0045cb18 f   md3IO.obj
 0001:0005bb40       __unwindfunclet$?_Incsize@?$list@V?$basic_string@DU?$char_traits@D@std@@V?$allocator@D@2@@std@@V?$allocator@V?$basic_string@DU?$char_traits@D@std@@V?$allocator@D@2@@std@@@2@@std@@IAEXI@Z$0 0045cb40 f   md3IO.obj
 0001:0005bb48       __ehhandler$?_Incsize@?$list@V?$basic_string@DU?$char_traits@D@std@@V?$allocator@D@2@@std@@V?$allocator@V?$basic_string@DU?$char_traits@D@std@@V?$allocator@D@2@@std@@@2@@std@@IAEXI@Z 0045cb48 f   md3IO.obj
 0001:0005bb70       __ehhandler$?_Buynode@?$list@V?$basic_string@DU?$char_traits@D@std@@V?$allocator@D@2@@std@@V?$allocator@V?$basic_string@DU?$char_traits@D@std@@V?$allocator@D@2@@std@@@2@@std@@IAEPAU_Node@?$_List_nod@V?$basic_string@DU?$char_traits@D@std@@V?$allocator@D@2@@std@@V?$allocator@V?$basic_string@DU?$char_traits@D@std@@V?$allocator@D@2@@std@@@2@@2@PAU342@0ABV?$basic_string@DU?$char_traits@D@std@@V?$allocator@D@2@@2@@Z 0045cb70 f   md3IO.obj
 0001:0005bb90       __unwindfunclet$?ExportThisModel@@YA_NPBDPAUgl_model@@_N@Z$11 0045cb90 f   md3IO.obj
 0001:0005bb9b       __unwindfunclet$?ExportThisModel@@YA_NPBDPAUgl_model@@_N@Z$12 0045cb9b f   md3IO.obj
 0001:0005bba6       __unwindfunclet$?ExportThisModel@@YA_NPBDPAUgl_model@@_N@Z$13 0045cba6 f   md3IO.obj
 0001:0005bbb1       __unwindfunclet$?ExportThisModel@@YA_NPBDPAUgl_model@@_N@Z$14 0045cbb1 f   md3IO.obj
 0001:0005bbbc       __ehhandler$?ExportThisModel@@YA_NPBDPAUgl_model@@_N@Z 0045cbbc f   md3IO.obj
 0001:0005bbf0       __unwindfunclet$?init_mdview@@YAXPBD@Z$0 0045cbf0 f   md3view.obj
 0001:0005bbfe       __ehhandler$?init_mdview@@YAXPBD@Z 0045cbfe f   md3view.obj
 0001:0005bc30       __unwindfunclet$?ParseSequenceLockFile@@YA_NPBD@Z$0 0045cc30 f   md3view.obj
 0001:0005bc38       __ehhandler$?ParseSequenceLockFile@@YA_NPBD@Z 0045cc38 f   md3view.obj
 0001:0005bc60       __ehhandler$?_Init@?$numpunct@D@std@@IAEXABV_Locinfo@2@_N@Z 0045cc60 f   nodedictionary.obj
 0001:0005bc80       __unwindfunclet$??0?$numpunct@D@std@@QAE@ABV_Locinfo@1@I_N@Z$0 0045cc80 f   nodedictionary.obj
 0001:0005bc88       __ehhandler$??0?$numpunct@D@std@@QAE@ABV_Locinfo@1@I_N@Z 0045cc88 f   nodedictionary.obj
 0001:0005bcb0       __unwindfunclet$??0_Locinfo@std@@QAE@ABV?$basic_string@DU?$char_traits@D@std@@V?$allocator@D@2@@1@@Z$0 0045ccb0 f   nodedictionary.obj
 0001:0005bcb8       __unwindfunclet$??0_Locinfo@std@@QAE@ABV?$basic_string@DU?$char_traits@D@std@@V?$allocator@D@2@@1@@Z$1 0045ccb8 f   nodedictionary.obj
 0001:0005bcc3       __unwindfunclet$??0_Locinfo@std@@QAE@ABV?$basic_string@DU?$char_traits@D@std@@V?$allocator@D@2@@1@@Z$2 0045ccc3 f   nodedictionary.obj
 0001:0005bcce       __unwindfunclet$??0_Locinfo@std@@QAE@ABV?$basic_string@DU?$char_traits@D@std@@V?$allocator@D@2@@1@@Z$3 0045ccce f   nodedictionary.obj
 0001:0005bcd9       __unwindfunclet$??0_Locinfo@std@@QAE@ABV?$basic_string@DU?$char_traits@D@std@@V?$allocator@D@2@@1@@Z$4 0045ccd9 f   nodedictionary.obj
 0001:0005bce4       __ehhandler$??0_Locinfo@std@@QAE@ABV?$basic_string@DU?$char_traits@D@std@@V?$allocator@D@2@@1@@Z 0045cce4 f   nodedictionary.obj
 0001:0005bd00       __unwindfunclet$??1_Locinfo@std@@QAE@XZ$0 0045cd00 f   nodedictionary.obj
 0001:0005bd08       __unwindfunclet$??1_Locinfo@std@@QAE@XZ$1 0045cd08 f   nodedictionary.obj
 0001:0005bd13       __unwindfunclet$??1_Locinfo@std@@QAE@XZ$2 0045cd13 f   nodedictionary.obj
 0001:0005bd1e       __unwindfunclet$??1_Locinfo@std@@QAE@XZ$3 0045cd1e f   nodedictionary.obj
 0001:0005bd29       __unwindfunclet$??1_Locinfo@std@@QAE@XZ$4 0045cd29 f   nodedictionary.obj
 0001:0005bd34       __ehhandler$??1_Locinfo@std@@QAE@XZ 0045cd34 f   nodedictionary.obj
 0001:0005bd50       __unwindfunclet$??0runtime_error@std@@QAE@ABV?$basic_string@DU?$char_traits@D@std@@V?$allocator@D@2@@1@@Z$0 0045cd50 f   nodedictionary.obj
 0001:0005bd58       __ehhandler$??0runtime_error@std@@QAE@ABV?$basic_string@DU?$char_traits@D@std@@V?$allocator@D@2@@1@@Z 0045cd58 f   nodedictionary.obj
 0001:0005bd80       __unwindfunclet$?_Getcat@?$num_put@DV?$ostreambuf_iterator@DU?$char_traits@D@std@@@std@@@std@@SAIPAPBVfacet@locale@2@PBV42@@Z$0 0045cd80 f   nodedictionary.obj
 0001:0005bd8e       __unwindfunclet$?_Getcat@?$num_put@DV?$ostreambuf_iterator@DU?$char_traits@D@std@@@std@@@std@@SAIPAPBVfacet@locale@2@PBV42@@Z$1 0045cd8e f   nodedictionary.obj
 0001:0005bdb0       __ehhandler$?_Getcat@?$num_put@DV?$ostreambuf_iterator@DU?$char_traits@D@std@@@std@@@std@@SAIPAPBVfacet@locale@2@PBV42@@Z 0045cdb0 f   nodedictionary.obj
 0001:0005bde0       __unwindfunclet$?_Getcat@?$numpunct@D@std@@SAIPAPBVfacet@locale@2@PBV42@@Z$0 0045cde0 f   nodedictionary.obj
 0001:0005bdee       __unwindfunclet$?_Getcat@?$numpunct@D@std@@SAIPAPBVfacet@locale@2@PBV42@@Z$1 0045cdee f   nodedictionary.obj
 0001:0005be10       __unwindfunclet$?_Getcat@?$numpunct@D@std@@SAIPAPBVfacet@locale@2@PBV42@@Z$2 0045ce10 f   nodedictionary.obj
 0001:0005be2f       __ehhandler$?_Getcat@?$numpunct@D@std@@SAIPAPBVfacet@locale@2@PBV42@@Z 0045ce2f f   nodedictionary.obj
 0001:0005be50       __unwindfunclet$?clear@ios_base@std@@QAEXH_N@Z$0 0045ce50 f   nodedictionary.obj
 0001:0005be58       __unwindfunclet$?clear@ios_base@std@@QAEXH_N@Z$1 0045ce58 f   nodedictionary.obj
 0001:0005be60       __unwindfunclet$?clear@ios_base@std@@QAEXH_N@Z$2 0045ce60 f   nodedictionary.obj
 0001:0005be68       __ehhandler$?clear@ios_base@std@@QAEXH_N@Z 0045ce68 f   nodedictionary.obj
 0001:0005be90       __unwindfunclet$??0runtime_error@std@@QAE@ABV01@@Z$0 0045ce90 f   nodedictionary.obj
 0001:0005be98       __ehhandler$??0runtime_error@std@@QAE@ABV01@@Z 0045ce98 f   nodedictionary.obj
 0001:0005bec0       __unwindfunclet$??$use_facet@V?$num_put@DV?$ostreambuf_iterator@DU?$char_traits@D@std@@@std@@@std@@@std@@YAABV?$num_put@DV?$ostreambuf_iterator@DU?$char_traits@D@std@@@std@@@0@ABVlocale@0@@Z$0 0045cec0 f   nodedictionary.obj
 0001:0005bec8       __ehhandler$??$use_facet@V?$num_put@DV?$ostreambuf_iterator@DU?$char_traits@D@std@@@std@@@std@@@std@@YAABV?$num_put@DV?$ostreambuf_iterator@DU?$char_traits@D@std@@@std@@@0@ABVlocale@0@@Z 0045cec8 f   nodedictionary.obj
 0001:0005bef0       __unwindfunclet$??$use_facet@V?$numpunct@D@std@@@std@@YAABV?$numpunct@D@0@ABVlocale@0@@Z$0 0045cef0 f   nodedictionary.obj
 0001:0005bef8       __ehhandler$??$use_facet@V?$numpunct@D@std@@@std@@YAABV?$numpunct@D@0@ABVlocale@0@@Z 0045cef8 f   nodedictionary.obj
 0001:0005bf20       __unwindfunclet$?do_put@?$num_put@DV?$ostreambuf_iterator@DU?$char_traits@D@std@@@std@@@std@@MBE?AV?$ostreambuf_iterator@DU?$char_traits@D@std@@@2@V32@AAVios_base@2@D_N@Z$0 0045cf20 f   nodedictionary.obj
 0001:0005bf28       __unwindfunclet$?do_put@?$num_put@DV?$ostreambuf_iterator@DU?$char_traits@D@std@@@std@@@std@@MBE?AV?$ostreambuf_iterator@DU?$char_traits@D@std@@@2@V32@AAVios_base@2@D_N@Z$1 0045cf28 f   nodedictionary.obj
 0001:0005bf30       __unwindfunclet$?do_put@?$num_put@DV?$ostreambuf_iterator@DU?$char_traits@D@std@@@std@@@std@@MBE?AV?$ostreambuf_iterator@DU?$char_traits@D@std@@@2@V32@AAVios_base@2@D_N@Z$2 0045cf30 f   nodedictionary.obj
 0001:0005bf38       __unwindfunclet$?do_put@?$num_put@DV?$ostreambuf_iterator@DU?$char_traits@D@std@@@std@@@std@@MBE?AV?$ostreambuf_iterator@DU?$char_traits@D@std@@@2@V32@AAVios_base@2@D_N@Z$3 0045cf38 f   nodedictionary.obj
 0001:0005bf40       __ehhandler$?do_put@?$num_put@DV?$ostreambuf_iterator@DU?$char_traits@D@std@@@std@@@std@@MBE?AV?$ostreambuf_iterator@DU?$char_traits@D@std@@@2@V32@AAVios_base@2@D_N@Z 0045cf40 f   nodedictionary.obj
 0001:0005bf70       __unwindfunclet$?_Fput@?$num_put@DV?$ostreambuf_iterator@DU?$char_traits@D@std@@@std@@@std@@ABA?AV?$ostreambuf_iterator@DU?$char_traits@D@std@@@2@V32@AAVios_base@2@DPBDIIII@Z$0 0045cf70 f   nodedictionary.obj
 0001:0005bf78       __unwindfunclet$?_Fput@?$num_put@DV?$ostreambuf_iterator@DU?$char_traits@D@std@@@std@@@std@@ABA?AV?$ostreambuf_iterator@DU?$char_traits@D@std@@@2@V32@AAVios_base@2@DPBDIIII@Z$1 0045cf78 f   nodedictionary.obj
 0001:0005bf80       __unwindfunclet$?_Fput@?$num_put@DV?$ostreambuf_iterator@DU?$char_traits@D@std@@@std@@@std@@ABA?AV?$ostreambuf_iterator@DU?$char_traits@D@std@@@2@V32@AAVios_base@2@DPBDIIII@Z$2 0045cf80 f   nodedictionary.obj
 0001:0005bf88       __ehhandler$?_Fput@?$num_put@DV?$ostreambuf_iterator@DU?$char_traits@D@std@@@std@@@std@@ABA?AV?$ostreambuf_iterator@DU?$char_traits@D@std@@@2@V32@AAVios_base@2@DPBDIIII@Z 0045cf88 f   nodedictionary.obj
 0001:0005bfb0       __unwindfunclet$?_Iput@?$num_put@DV?$ostreambuf_iterator@DU?$char_traits@D@std@@@std@@@std@@ABA?AV?$ostreambuf_iterator@DU?$char_traits@D@std@@@2@V32@AAVios_base@2@DPADI@Z$0 0045cfb0 f   nodedictionary.obj
 0001:0005bfb8       __unwindfunclet$?_Iput@?$num_put@DV?$ostreambuf_iterator@DU?$char_traits@D@std@@@std@@@std@@ABA?AV?$ostreambuf_iterator@DU?$char_traits@D@std@@@2@V32@AAVios_base@2@DPADI@Z$1 0045cfb8 f   nodedictionary.obj
 0001:0005bfc0       __ehhandler$?_Iput@?$num_put@DV?$ostreambuf_iterator@DU?$char_traits@D@std@@@std@@@std@@ABA?AV?$ostreambuf_iterator@DU?$char_traits@D@std@@@2@V32@AAVios_base@2@DPADI@Z 0045cfc0 f   nodedictionary.obj
 0001:0005bff0       __unwindfunclet$??0sentry@?$basic_ostream@DU?$char_traits@D@std@@@std@@QAE@AAV12@@Z$0 0045cff0 f   nodedictionary.obj
 0001:0005bff8       __ehhandler$??0sentry@?$basic_ostream@DU?$char_traits@D@std@@@std@@QAE@AAV12@@Z 0045cff8 f   nodedictionary.obj
 0001:0005c020       __ehhandler$?_Osfx@?$basic_ostream@DU?$char_traits@D@std@@@std@@QAEXXZ 0045d020 f   nodedictionary.obj
 0001:0005c040       __unwindfunclet$??1sentry@?$basic_ostream@DU?$char_traits@D@std@@@std@@QAE@XZ$0 0045d040 f   nodedictionary.obj
 0001:0005c048       __ehhandler$??1sentry@?$basic_ostream@DU?$char_traits@D@std@@@std@@QAE@XZ 0045d048 f   nodedictionary.obj
 0001:0005c070       __unwindfunclet$??$?6U?$char_traits@D@std@@@std@@YAAAV?$basic_ostream@DU?$char_traits@D@std@@@0@AAV10@PBD@Z$2 0045d070 f   nodedictionary.obj
 0001:0005c078       __ehhandler$??$?6U?$char_traits@D@std@@@std@@YAAAV?$basic_ostream@DU?$char_traits@D@std@@@0@AAV10@PBD@Z 0045d078 f   nodedictionary.obj
 0001:0005c0a0       __unwindfunclet$??6?$basic_ostream@DU?$char_traits@D@std@@@std@@QAEAAV01@H@Z$2 0045d0a0 f   nodedictionary.obj
 0001:0005c0a8       __unwindfunclet$??6?$basic_ostream@DU?$char_traits@D@std@@@std@@QAEAAV01@H@Z$3 0045d0a8 f   nodedictionary.obj
 0001:0005c0b0       __ehhandler$??6?$basic_ostream@DU?$char_traits@D@std@@@std@@QAEAAV01@H@Z 0045d0b0 f   nodedictionary.obj
 0001:0005c0d0       __unwindfunclet$??6?$basic_ostream@DU?$char_traits@D@std@@@std@@QAEAAV01@PBX@Z$2 0045d0d0 f   nodedictionary.obj
 0001:0005c0d8       __unwindfunclet$??6?$basic_ostream@DU?$char_traits@D@std@@@std@@QAEAAV01@PBX@Z$3 0045d0d8 f   nodedictionary.obj
 0001:0005c0e0       __ehhandler$??6?$basic_ostream@DU?$char_traits@D@std@@@std@@QAEAAV01@PBX@Z 0045d0e0 f   nodedictionary.obj
 0001:0005c100       __unwindfunclet$?put@?$basic_ostream@DU?$char_traits@D@std@@@std@@QAEAAV12@D@Z$2 0045d100 f   nodedictionary.obj
 0001:0005c108       __ehhandler$?put@?$basic_ostream@DU?$char_traits@D@std@@@std@@QAEAAV12@D@Z 0045d108 f   nodedictionary.obj
 0001:0005c130       __unwindfunclet$??0?$list@PAXV?$allocator@PAX@std@@@std@@QAE@XZ$0 0045d130 f   texture_res.obj
 0001:0005c138       __ehhandler$??0?$list@PAXV?$allocator@PAX@std@@@std@@QAE@XZ 0045d138 f   texture_res.obj
 0001:0005c160       __unwindfunclet$?_Incsize@?$list@PAXV?$allocator@PAX@std@@@std@@IAEXI@Z$0 0045d160 f   texture_res.obj
 0001:0005c168       __ehhandler$?_Incsize@?$list@PAXV?$allocator@PAX@std@@@std@@IAEXI@Z 0045d168 f   texture_res.obj
 0001:0005c183       __unwindfunclet$?_Xlen@_String_base@std@@SAXXZ$0 0045d183 f   libcpmt:string.obj
 0001:0005c18b       __ehhandler$?_Xlen@_String_base@std@@SAXXZ 0045d18b f   libcpmt:string.obj
 0001:0005c1a6       __unwindfunclet$?_Xran@_String_base@std@@SAXXZ$0 0045d1a6 f   libcpmt:string.obj
 0001:0005c1ae       __ehhandler$?_Xran@_String_base@std@@SAXXZ 0045d1ae f   libcpmt:string.obj
 0001:0005c1c9       __unwindfunclet$?_Xinvarg@_String_base@std@@SAXXZ$0 0045d1c9 f   libcpmt:string.obj
 0001:0005c1d1       __ehhandler$?_Xinvarg@_String_base@std@@SAXXZ 0045d1d1 f   libcpmt:string.obj
 0001:0005c1ec       __unwindfunclet$?_Locimp_dtor@_Locimp@locale@std@@CAXPAV123@@Z$0 0045d1ec f   libcpmt:locale0.obj
 0001:0005c1f4       __ehhandler$?_Locimp_dtor@_Locimp@locale@std@@CAXPAV123@@Z 0045d1f4 f   libcpmt:locale0.obj
 0001:0005c20f       __unwindfunclet$??0_Locimp@locale@std@@AAE@_N@Z$0 0045d20f f   libcpmt:locale0.obj
 0001:0005c217       __ehhandler$??0_Locimp@locale@std@@AAE@_N@Z 0045d217 f   libcpmt:locale0.obj
 0001:0005c232       __unwindfunclet$??1_Locimp@locale@std@@MAE@XZ$0 0045d232 f   libcpmt:locale0.obj
 0001:0005c23a       __unwindfunclet$??1_Locimp@locale@std@@MAE@XZ$1 0045d23a f   libcpmt:locale0.obj
 0001:0005c245       __ehhandler$??1_Locimp@locale@std@@MAE@XZ 0045d245 f   libcpmt:locale0.obj
 0001:0005c260       __unwindfunclet$?_Init@locale@std@@CAPAV_Locimp@12@XZ$0 0045d260 f   libcpmt:locale0.obj
 0001:0005c268       __unwindfunclet$?_Init@locale@std@@CAPAV_Locimp@12@XZ$1 0045d268 f   libcpmt:locale0.obj
 0001:0005c272       __ehhandler$?_Init@locale@std@@CAPAV_Locimp@12@XZ 0045d272 f   libcpmt:locale0.obj
 0001:0005c28d       __unwindfunclet$?empty@locale@std@@SA?AV12@XZ$0 0045d28d f   libcpmt:locale0.obj
 0001:0005c297       __ehhandler$?empty@locale@std@@SA?AV12@XZ 0045d297 f   libcpmt:locale0.obj
 0001:0005c2b2       __unwindfunclet$??0?$basic_streambuf@DU?$char_traits@D@std@@@std@@IAE@XZ$0 0045d2b2 f   libcpmt:cout.obj
 0001:0005c2bd       __ehhandler$??0?$basic_streambuf@DU?$char_traits@D@std@@@std@@IAE@XZ 0045d2bd f   libcpmt:cout.obj
 0001:0005c2d8       __unwindfunclet$?uflow@?$basic_filebuf@DU?$char_traits@D@std@@@std@@MAEHXZ$0 0045d2d8 f   libcpmt:cout.obj
 0001:0005c2e0       __ehhandler$?uflow@?$basic_filebuf@DU?$char_traits@D@std@@@std@@MAEHXZ 0045d2e0 f   libcpmt:cout.obj
 0001:0005c305       __unwindfunclet$?_Endwrite@?$basic_filebuf@DU?$char_traits@D@std@@@std@@IAE_NXZ$0 0045d305 f   libcpmt:cout.obj
 0001:0005c30d       __ehhandler$?_Endwrite@?$basic_filebuf@DU?$char_traits@D@std@@@std@@IAE_NXZ 0045d30d f   libcpmt:cout.obj
 0001:0005c332       __unwindfunclet$?_Getcat@?$ctype@D@std@@SAIPAPBVfacet@locale@2@PBV42@@Z$0 0045d332 f   libcpmt:cout.obj
 0001:0005c33c       __unwindfunclet$?_Getcat@?$ctype@D@std@@SAIPAPBVfacet@locale@2@PBV42@@Z$1 0045d33c f   libcpmt:cout.obj
 0001:0005c355       __ehhandler$?_Getcat@?$ctype@D@std@@SAIPAPBVfacet@locale@2@PBV42@@Z 0045d355 f   libcpmt:cout.obj
 0001:0005c373       __unwindfunclet$?overflow@?$basic_filebuf@DU?$char_traits@D@std@@@std@@MAEHH@Z$0 0045d373 f   libcpmt:cout.obj
 0001:0005c37b       __ehhandler$?overflow@?$basic_filebuf@DU?$char_traits@D@std@@@std@@MAEHH@Z 0045d37b f   libcpmt:cout.obj
 0001:0005c3a0       __unwindfunclet$??$use_facet@V?$ctype@D@std@@@std@@YAABV?$ctype@D@0@ABVlocale@0@@Z$0 0045d3a0 f   libcpmt:cout.obj
 0001:0005c3a8       __ehhandler$??$use_facet@V?$ctype@D@std@@@std@@YAABV?$ctype@D@0@ABVlocale@0@@Z 0045d3a8 f   libcpmt:cout.obj
 0001:0005c3c3       __unwindfunclet$?_Getcat@?$codecvt@DDH@std@@SAIPAPBVfacet@locale@2@PBV42@@Z$0 0045d3c3 f   libcpmt:cout.obj
 0001:0005c3cd       __unwindfunclet$?_Getcat@?$codecvt@DDH@std@@SAIPAPBVfacet@locale@2@PBV42@@Z$1 0045d3cd f   libcpmt:cout.obj
 0001:0005c3e6       __ehhandler$?_Getcat@?$codecvt@DDH@std@@SAIPAPBVfacet@locale@2@PBV42@@Z 0045d3e6 f   libcpmt:cout.obj
 0001:0005c404       __unwindfunclet$??1?$basic_filebuf@DU?$char_traits@D@std@@@std@@UAE@XZ$0 0045d404 f   libcpmt:cout.obj
 0001:0005c40c       __ehhandler$??1?$basic_filebuf@DU?$char_traits@D@std@@@std@@UAE@XZ 0045d40c f   libcpmt:cout.obj
 0001:0005c427       __unwindfunclet$?widen@?$basic_ios@DU?$char_traits@D@std@@@std@@QBEDD@Z$0 0045d427 f   libcpmt:cout.obj
 0001:0005c42f       __ehhandler$?widen@?$basic_ios@DU?$char_traits@D@std@@@std@@QBEDD@Z 0045d42f f   libcpmt:cout.obj
 0001:0005c44a       __unwindfunclet$??$use_facet@V?$codecvt@DDH@std@@@std@@YAABV?$codecvt@DDH@0@ABVlocale@0@@Z$0 0045d44a f   libcpmt:cout.obj
 0001:0005c452       __ehhandler$??$use_facet@V?$codecvt@DDH@std@@@std@@YAABV?$codecvt@DDH@0@ABVlocale@0@@Z 0045d452 f   libcpmt:cout.obj
 0001:0005c46d       __unwindfunclet$??0?$basic_ostream@DU?$char_traits@D@std@@@std@@QAE@PAV?$basic_streambuf@DU?$char_traits@D@std@@@1@_N@Z$0 0045d46d f   libcpmt:cout.obj
 0001:0005c489       __ehhandler$??0?$basic_ostream@DU?$char_traits@D@std@@@std@@QAE@PAV?$basic_streambuf@DU?$char_traits@D@std@@@1@_N@Z 0045d489 f   libcpmt:cout.obj
 0001:0005c4a4       __ehhandler$?CallUnexpected@@YAXPBU_s_ESTypeList@@@Z 0045d4a4 f   LIBCMT:frame.obj
 0001:0005c4c0       ??__ESequences_LowerAnims@@YAXXZ 0045d4c0 f   animation.obj
 0001:0005c530       ??__ESequences_UpperAnims@@YAXXZ 0045d530 f   animation.obj
 0001:0005c5a0       ??__EMultiSequenceLock_Upper@@YAXXZ 0045d5a0 f   animation.obj
 0001:0005c610       ??__EMultiSequenceLock_Lower@@YAXXZ 0045d610 f   animation.obj
 0001:0005c680       ??__ESequence_Upper_Fake@@YAXXZ 0045d680 f   animation.obj
 0001:0005c690       ??__ESequence_Lower_Fake@@YAXXZ 0045d690 f   animation.obj
 0001:0005c6a0       ??__EFilesWritten@@YAXXZ   0045d6a0 f   md3IO.obj
 0001:0005c6c0       ??__ECvarList@@YAXXZ       0045d6c0 f   texture_res.obj
 0001:0005c6e0       ??__EtagMenuList@@YAXXZ    0045d6e0 f   win32_driver.obj
 0001:0005c6ec       ??__Einitlocks@std@@YAXXZ  0045d6ec f   libcpmt:xlock.obj
 0001:0005c702       ??__Eclassic_locale@std@@YAXXZ 0045d702 f   libcpmt:locale0.obj
 0001:0005c70e       ??__Einitlocks@@YAXXZ      0045d70e f   libcpmt:cout.obj
 0001:0005c724       ??__Efout@std@@YAXXZ       0045d724 f   libcpmt:cout.obj
 0001:0005c743       ??__Ecout@std@@YAXXZ       0045d743 f   libcpmt:cout.obj
 0001:0005c762       ??__Einit_cout@std@@YAXXZ  0045d762 f   libcpmt:cout.obj
 0001:0005c76c       ??__Einitlocks@std@@YAXXZ  0045d76c f   libcpmt:iosptrs.obj
 0001:0005c782       ??__Einit_atexit@@YAXXZ    0045d782 f   libcpmt:iosptrs.obj
 0001:0005c790       ??__FSequence_Lower_Fake@@YAXXZ 0045d790 f   animation.obj
 0001:0005c7c0       ??__FMultiSequenceLock_Upper@@YAXXZ 0045d7c0 f   animation.obj
 0001:0005c800       ??__FMultiSequenceLock_Lower@@YAXXZ 0045d800 f   animation.obj
 0001:0005c840       ??__FSequence_Upper_Fake@@YAXXZ 0045d840 f   animation.obj
 0001:0005c870       ??__FSequences_LowerAnims@@YAXXZ 0045d870 f   animation.obj
 0001:0005c8d0       ??__FSequences_UpperAnims@@YAXXZ 0045d8d0 f   animation.obj
 0001:0005c930       ??__FFilesWritten@@YAXXZ   0045d930 f   md3IO.obj
 0001:0005c960       ??__FCvarList@@YAXXZ       0045d960 f   texture_res.obj
 0001:0005c980       ??__FtagMenuList@@YAXXZ    0045d980 f   win32_driver.obj
 0001:0005c98a       ??__Finitlocks@std@@YAXXZ  0045d98a f   libcpmt:xlock.obj
 0001:0005c994       ??__Fclassic_locale@std@@YAXXZ 0045d994 f   libcpmt:locale0.obj
 0001:0005c99e       ??__Finitlocks@@YAXXZ      0045d99e f   libcpmt:cout.obj
 0001:0005c9a8       ??__Fcout@std@@YAXXZ       0045d9a8 f   libcpmt:cout.obj
 0001:0005c9b2       ??__Ffout@std@@YAXXZ       0045d9b2 f   libcpmt:cout.obj
 0001:0005c9bc       ??__Finitlocks@std@@YAXXZ  0045d9bc f   libcpmt:iosptrs.obj
 0001:0005c9c6       ??__Finit_atexit@@YAXXZ    0045d9c6 f   libcpmt:iosptrs.obj
 0001:0005c9d0       ??__Fnomem@?5???2@YAPAXI@Z@YAXXZ 0045d9d0 f   LIBCMT:new.obj
